<html><head>
<meta http-equiv="Content-Type" content="text/html; charset=utf-8">
</head><body>
<span style="position:absolute; border: gray 1px solid; left:0px; top:50px; width:792px; height:612px;"></span>
<div style="position:absolute; top:50px;"><a name="1">Page 1</a></div>
<span style="position:absolute; border: blue 1px solid; left:168px; top:105px; width:11px; height:201px;"></span>
<span style="position:absolute; left:168px; top:105px; font-size:11px;">?</span>
<span style="position:absolute; left:168px; top:114px; font-size:11px;">?</span>
<span style="position:absolute; left:168px; top:124px; font-size:11px;">?</span>
<span style="position:absolute; left:168px; top:133px; font-size:11px;">?</span>
<span style="position:absolute; left:168px; top:143px; font-size:11px;">?</span>
<span style="position:absolute; left:168px; top:153px; font-size:11px;">?</span>
<span style="position:absolute; left:168px; top:162px; font-size:11px;">?</span>
<span style="position:absolute; left:168px; top:172px; font-size:11px;">?</span>
<span style="position:absolute; left:168px; top:181px; font-size:11px;">?</span>
<span style="position:absolute; left:168px; top:191px; font-size:11px;">?</span>
<span style="position:absolute; left:168px; top:200px; font-size:11px;">?</span>
<span style="position:absolute; left:168px; top:210px; font-size:11px;">?</span>
<span style="position:absolute; left:168px; top:220px; font-size:11px;">?</span>
<span style="position:absolute; left:168px; top:229px; font-size:11px;">?</span>
<span style="position:absolute; left:168px; top:239px; font-size:11px;">?</span>
<span style="position:absolute; left:168px; top:248px; font-size:11px;">?</span>
<span style="position:absolute; left:168px; top:258px; font-size:11px;">?</span>
<span style="position:absolute; left:168px; top:268px; font-size:11px;">?</span>
<span style="position:absolute; left:168px; top:277px; font-size:11px;">?</span>
<span style="position:absolute; left:168px; top:287px; font-size:11px;">?</span>
<span style="position:absolute; left:168px; top:296px; font-size:11px;">?</span>
<span style="position:absolute; border: blue 1px solid; left:169px; top:374px; width:11px; height:19px;"></span>
<span style="position:absolute; left:169px; top:374px; font-size:11px;">?</span>
<span style="position:absolute; left:169px; top:384px; font-size:11px;">?</span>
<span style="position:absolute; border: blue 1px solid; left:185px; top:105px; width:11px; height:201px;"></span>
<span style="position:absolute; left:185px; top:105px; font-size:11px;">?</span>
<span style="position:absolute; left:185px; top:114px; font-size:11px;">?</span>
<span style="position:absolute; left:185px; top:124px; font-size:11px;">?</span>
<span style="position:absolute; left:185px; top:133px; font-size:11px;">?</span>
<span style="position:absolute; left:185px; top:143px; font-size:11px;">?</span>
<span style="position:absolute; left:185px; top:153px; font-size:11px;">?</span>
<span style="position:absolute; left:185px; top:162px; font-size:11px;">?</span>
<span style="position:absolute; left:185px; top:172px; font-size:11px;">?</span>
<span style="position:absolute; left:185px; top:181px; font-size:11px;">?</span>
<span style="position:absolute; left:185px; top:191px; font-size:11px;">?</span>
<span style="position:absolute; left:185px; top:200px; font-size:11px;">?</span>
<span style="position:absolute; left:185px; top:210px; font-size:11px;">?</span>
<span style="position:absolute; left:185px; top:220px; font-size:11px;">?</span>
<span style="position:absolute; left:185px; top:229px; font-size:11px;">?</span>
<span style="position:absolute; left:185px; top:239px; font-size:11px;">?</span>
<span style="position:absolute; left:185px; top:248px; font-size:11px;">?</span>
<span style="position:absolute; left:185px; top:258px; font-size:11px;">?</span>
<span style="position:absolute; left:185px; top:268px; font-size:11px;">?</span>
<span style="position:absolute; left:185px; top:277px; font-size:11px;">?</span>
<span style="position:absolute; left:185px; top:287px; font-size:11px;">?</span>
<span style="position:absolute; left:185px; top:296px; font-size:11px;">?</span>
<span style="position:absolute; border: blue 1px solid; left:304px; top:105px; width:11px; height:210px;"></span>
<span style="position:absolute; left:304px; top:105px; font-size:11px;">?</span>
<span style="position:absolute; left:304px; top:114px; font-size:11px;">?</span>
<span style="position:absolute; left:304px; top:124px; font-size:11px;">?</span>
<span style="position:absolute; left:304px; top:133px; font-size:11px;">?</span>
<span style="position:absolute; left:304px; top:143px; font-size:11px;">?</span>
<span style="position:absolute; left:304px; top:153px; font-size:11px;">?</span>
<span style="position:absolute; left:304px; top:162px; font-size:11px;">?</span>
<span style="position:absolute; left:304px; top:172px; font-size:11px;">?</span>
<span style="position:absolute; left:304px; top:181px; font-size:11px;">?</span>
<span style="position:absolute; left:304px; top:191px; font-size:11px;">?</span>
<span style="position:absolute; left:304px; top:200px; font-size:11px;">?</span>
<span style="position:absolute; left:304px; top:210px; font-size:11px;">?</span>
<span style="position:absolute; left:304px; top:220px; font-size:11px;">?</span>
<span style="position:absolute; left:304px; top:229px; font-size:11px;">?</span>
<span style="position:absolute; left:304px; top:239px; font-size:11px;">?</span>
<span style="position:absolute; left:304px; top:248px; font-size:11px;">?</span>
<span style="position:absolute; left:304px; top:258px; font-size:11px;">?</span>
<span style="position:absolute; left:304px; top:268px; font-size:11px;">?</span>
<span style="position:absolute; left:304px; top:277px; font-size:11px;">?</span>
<span style="position:absolute; left:304px; top:287px; font-size:11px;">?</span>
<span style="position:absolute; left:304px; top:296px; font-size:11px;">?</span>
<span style="position:absolute; left:304px; top:306px; font-size:11px;">?</span>
<span style="position:absolute; border: blue 1px solid; left:304px; top:374px; width:11px; height:124px;"></span>
<span style="position:absolute; left:304px; top:374px; font-size:11px;">?</span>
<span style="position:absolute; left:304px; top:384px; font-size:11px;">?</span>
<span style="position:absolute; left:304px; top:393px; font-size:11px;">?</span>
<span style="position:absolute; left:304px; top:403px; font-size:11px;">?</span>
<span style="position:absolute; left:304px; top:412px; font-size:11px;">?</span>
<span style="position:absolute; left:304px; top:422px; font-size:11px;">?</span>
<span style="position:absolute; left:304px; top:432px; font-size:11px;">?</span>
<span style="position:absolute; left:304px; top:441px; font-size:11px;">?</span>
<span style="position:absolute; left:304px; top:451px; font-size:11px;">?</span>
<span style="position:absolute; left:304px; top:460px; font-size:11px;">?</span>
<span style="position:absolute; left:304px; top:470px; font-size:11px;">?</span>
<span style="position:absolute; left:304px; top:480px; font-size:11px;">?</span>
<span style="position:absolute; left:304px; top:489px; font-size:11px;">?</span>
<span style="position:absolute; border: blue 1px solid; left:202px; top:105px; width:11px; height:172px;"></span>
<span style="position:absolute; left:202px; top:105px; font-size:11px;">?</span>
<span style="position:absolute; left:202px; top:114px; font-size:11px;">?</span>
<span style="position:absolute; left:202px; top:124px; font-size:11px;">?</span>
<span style="position:absolute; left:202px; top:133px; font-size:11px;">?</span>
<span style="position:absolute; left:202px; top:143px; font-size:11px;">?</span>
<span style="position:absolute; left:202px; top:153px; font-size:11px;">?</span>
<span style="position:absolute; left:202px; top:162px; font-size:11px;">?</span>
<span style="position:absolute; left:202px; top:172px; font-size:11px;">?</span>
<span style="position:absolute; left:202px; top:181px; font-size:11px;">?</span>
<span style="position:absolute; left:202px; top:191px; font-size:11px;">?</span>
<span style="position:absolute; left:202px; top:200px; font-size:11px;">?</span>
<span style="position:absolute; left:202px; top:210px; font-size:11px;">?</span>
<span style="position:absolute; left:202px; top:220px; font-size:11px;">?</span>
<span style="position:absolute; left:202px; top:229px; font-size:11px;">?</span>
<span style="position:absolute; left:202px; top:239px; font-size:11px;">?</span>
<span style="position:absolute; left:202px; top:248px; font-size:11px;">?</span>
<span style="position:absolute; left:202px; top:258px; font-size:11px;">?</span>
<span style="position:absolute; left:202px; top:268px; font-size:11px;">?</span>
<span style="position:absolute; border: blue 1px solid; left:219px; top:105px; width:11px; height:182px;"></span>
<span style="position:absolute; left:219px; top:105px; font-size:11px;">?</span>
<span style="position:absolute; left:219px; top:114px; font-size:11px;">?</span>
<span style="position:absolute; left:219px; top:124px; font-size:11px;">?</span>
<span style="position:absolute; left:219px; top:133px; font-size:11px;">?</span>
<span style="position:absolute; left:219px; top:143px; font-size:11px;">?</span>
<span style="position:absolute; left:219px; top:153px; font-size:11px;">?</span>
<span style="position:absolute; left:219px; top:162px; font-size:11px;">?</span>
<span style="position:absolute; left:219px; top:172px; font-size:11px;">?</span>
<span style="position:absolute; left:219px; top:181px; font-size:11px;">?</span>
<span style="position:absolute; left:219px; top:191px; font-size:11px;">?</span>
<span style="position:absolute; left:219px; top:200px; font-size:11px;">?</span>
<span style="position:absolute; left:219px; top:210px; font-size:11px;">?</span>
<span style="position:absolute; left:219px; top:220px; font-size:11px;">?</span>
<span style="position:absolute; left:219px; top:229px; font-size:11px;">?</span>
<span style="position:absolute; left:219px; top:239px; font-size:11px;">?</span>
<span style="position:absolute; left:219px; top:248px; font-size:11px;">?</span>
<span style="position:absolute; left:219px; top:258px; font-size:11px;">?</span>
<span style="position:absolute; left:219px; top:268px; font-size:11px;">?</span>
<span style="position:absolute; left:219px; top:277px; font-size:11px;">?</span>
<span style="position:absolute; border: blue 1px solid; left:236px; top:105px; width:11px; height:162px;"></span>
<span style="position:absolute; left:236px; top:105px; font-size:11px;">?</span>
<span style="position:absolute; left:236px; top:114px; font-size:11px;">?</span>
<span style="position:absolute; left:236px; top:124px; font-size:11px;">?</span>
<span style="position:absolute; left:236px; top:133px; font-size:11px;">?</span>
<span style="position:absolute; left:236px; top:143px; font-size:11px;">?</span>
<span style="position:absolute; left:236px; top:153px; font-size:11px;">?</span>
<span style="position:absolute; left:236px; top:162px; font-size:11px;">?</span>
<span style="position:absolute; left:236px; top:172px; font-size:11px;">?</span>
<span style="position:absolute; left:236px; top:181px; font-size:11px;">?</span>
<span style="position:absolute; left:236px; top:191px; font-size:11px;">?</span>
<span style="position:absolute; left:236px; top:200px; font-size:11px;">?</span>
<span style="position:absolute; left:236px; top:210px; font-size:11px;">?</span>
<span style="position:absolute; left:236px; top:220px; font-size:11px;">?</span>
<span style="position:absolute; left:236px; top:229px; font-size:11px;">?</span>
<span style="position:absolute; left:236px; top:239px; font-size:11px;">?</span>
<span style="position:absolute; left:236px; top:248px; font-size:11px;">?</span>
<span style="position:absolute; left:236px; top:258px; font-size:11px;">?</span>
<span style="position:absolute; border: blue 1px solid; left:253px; top:105px; width:11px; height:182px;"></span>
<span style="position:absolute; left:253px; top:105px; font-size:11px;">?</span>
<span style="position:absolute; left:253px; top:114px; font-size:11px;">?</span>
<span style="position:absolute; left:253px; top:124px; font-size:11px;">?</span>
<span style="position:absolute; left:253px; top:133px; font-size:11px;">?</span>
<span style="position:absolute; left:253px; top:143px; font-size:11px;">?</span>
<span style="position:absolute; left:253px; top:153px; font-size:11px;">?</span>
<span style="position:absolute; left:253px; top:162px; font-size:11px;">?</span>
<span style="position:absolute; left:253px; top:172px; font-size:11px;">?</span>
<span style="position:absolute; left:253px; top:181px; font-size:11px;">?</span>
<span style="position:absolute; left:253px; top:191px; font-size:11px;">?</span>
<span style="position:absolute; left:253px; top:200px; font-size:11px;">?</span>
<span style="position:absolute; left:253px; top:210px; font-size:11px;">?</span>
<span style="position:absolute; left:253px; top:220px; font-size:11px;">?</span>
<span style="position:absolute; left:253px; top:229px; font-size:11px;">?</span>
<span style="position:absolute; left:253px; top:239px; font-size:11px;">?</span>
<span style="position:absolute; left:253px; top:248px; font-size:11px;">?</span>
<span style="position:absolute; left:253px; top:258px; font-size:11px;">?</span>
<span style="position:absolute; left:253px; top:268px; font-size:11px;">?</span>
<span style="position:absolute; left:253px; top:277px; font-size:11px;">?</span>
<span style="position:absolute; border: blue 1px solid; left:270px; top:105px; width:11px; height:172px;"></span>
<span style="position:absolute; left:270px; top:105px; font-size:11px;">?</span>
<span style="position:absolute; left:270px; top:114px; font-size:11px;">?</span>
<span style="position:absolute; left:270px; top:124px; font-size:11px;">?</span>
<span style="position:absolute; left:270px; top:133px; font-size:11px;">?</span>
<span style="position:absolute; left:270px; top:143px; font-size:11px;">?</span>
<span style="position:absolute; left:270px; top:153px; font-size:11px;">?</span>
<span style="position:absolute; left:270px; top:162px; font-size:11px;">?</span>
<span style="position:absolute; left:270px; top:172px; font-size:11px;">?</span>
<span style="position:absolute; left:270px; top:181px; font-size:11px;">?</span>
<span style="position:absolute; left:270px; top:191px; font-size:11px;">?</span>
<span style="position:absolute; left:270px; top:200px; font-size:11px;">?</span>
<span style="position:absolute; left:270px; top:210px; font-size:11px;">?</span>
<span style="position:absolute; left:270px; top:220px; font-size:11px;">?</span>
<span style="position:absolute; left:270px; top:229px; font-size:11px;">?</span>
<span style="position:absolute; left:270px; top:239px; font-size:11px;">?</span>
<span style="position:absolute; left:270px; top:248px; font-size:11px;">?</span>
<span style="position:absolute; left:270px; top:258px; font-size:11px;">?</span>
<span style="position:absolute; left:270px; top:268px; font-size:11px;">?</span>
<span style="position:absolute; border: blue 1px solid; left:287px; top:105px; width:11px; height:182px;"></span>
<span style="position:absolute; left:287px; top:105px; font-size:11px;">?</span>
<span style="position:absolute; left:287px; top:114px; font-size:11px;">?</span>
<span style="position:absolute; left:287px; top:124px; font-size:11px;">?</span>
<span style="position:absolute; left:287px; top:133px; font-size:11px;">?</span>
<span style="position:absolute; left:287px; top:143px; font-size:11px;">?</span>
<span style="position:absolute; left:287px; top:153px; font-size:11px;">?</span>
<span style="position:absolute; left:287px; top:162px; font-size:11px;">?</span>
<span style="position:absolute; left:287px; top:172px; font-size:11px;">?</span>
<span style="position:absolute; left:287px; top:181px; font-size:11px;">?</span>
<span style="position:absolute; left:287px; top:191px; font-size:11px;">?</span>
<span style="position:absolute; left:287px; top:200px; font-size:11px;">?</span>
<span style="position:absolute; left:287px; top:210px; font-size:11px;">?</span>
<span style="position:absolute; left:287px; top:220px; font-size:11px;">?</span>
<span style="position:absolute; left:287px; top:229px; font-size:11px;">?</span>
<span style="position:absolute; left:287px; top:239px; font-size:11px;">?</span>
<span style="position:absolute; left:287px; top:248px; font-size:11px;">?</span>
<span style="position:absolute; left:287px; top:258px; font-size:11px;">?</span>
<span style="position:absolute; left:287px; top:268px; font-size:11px;">?</span>
<span style="position:absolute; left:287px; top:277px; font-size:11px;">?</span>
<span style="position:absolute; border: blue 1px solid; left:321px; top:105px; width:11px; height:172px;"></span>
<span style="position:absolute; left:321px; top:105px; font-size:11px;">?</span>
<span style="position:absolute; left:321px; top:114px; font-size:11px;">?</span>
<span style="position:absolute; left:321px; top:124px; font-size:11px;">?</span>
<span style="position:absolute; left:321px; top:133px; font-size:11px;">?</span>
<span style="position:absolute; left:321px; top:143px; font-size:11px;">?</span>
<span style="position:absolute; left:321px; top:153px; font-size:11px;">?</span>
<span style="position:absolute; left:321px; top:162px; font-size:11px;">?</span>
<span style="position:absolute; left:321px; top:172px; font-size:11px;">?</span>
<span style="position:absolute; left:321px; top:181px; font-size:11px;">?</span>
<span style="position:absolute; left:321px; top:191px; font-size:11px;">?</span>
<span style="position:absolute; left:321px; top:200px; font-size:11px;">?</span>
<span style="position:absolute; left:321px; top:210px; font-size:11px;">?</span>
<span style="position:absolute; left:321px; top:220px; font-size:11px;">?</span>
<span style="position:absolute; left:321px; top:229px; font-size:11px;">?</span>
<span style="position:absolute; left:321px; top:239px; font-size:11px;">?</span>
<span style="position:absolute; left:321px; top:248px; font-size:11px;">?</span>
<span style="position:absolute; left:321px; top:258px; font-size:11px;">?</span>
<span style="position:absolute; left:321px; top:268px; font-size:11px;">?</span>
<span style="position:absolute; border: blue 1px solid; left:338px; top:105px; width:11px; height:19px;"></span>
<span style="position:absolute; left:338px; top:105px; font-size:11px;">?</span>
<span style="position:absolute; left:338px; top:114px; font-size:11px;">?</span>
<span style="position:absolute; border: blue 1px solid; left:354px; top:105px; width:11px; height:134px;"></span>
<span style="position:absolute; left:354px; top:105px; font-size:11px;">?</span>
<span style="position:absolute; left:354px; top:114px; font-size:11px;">?</span>
<span style="position:absolute; left:354px; top:124px; font-size:11px;">?</span>
<span style="position:absolute; left:354px; top:133px; font-size:11px;">?</span>
<span style="position:absolute; left:354px; top:143px; font-size:11px;">?</span>
<span style="position:absolute; left:354px; top:153px; font-size:11px;">?</span>
<span style="position:absolute; left:354px; top:162px; font-size:11px;">?</span>
<span style="position:absolute; left:354px; top:172px; font-size:11px;">?</span>
<span style="position:absolute; left:354px; top:181px; font-size:11px;">?</span>
<span style="position:absolute; left:354px; top:191px; font-size:11px;">?</span>
<span style="position:absolute; left:354px; top:200px; font-size:11px;">?</span>
<span style="position:absolute; left:354px; top:210px; font-size:11px;">?</span>
<span style="position:absolute; left:354px; top:220px; font-size:11px;">?</span>
<span style="position:absolute; left:354px; top:229px; font-size:11px;">?</span>
<span style="position:absolute; border: blue 1px solid; left:371px; top:105px; width:11px; height:134px;"></span>
<span style="position:absolute; left:371px; top:105px; font-size:11px;">?</span>
<span style="position:absolute; left:371px; top:114px; font-size:11px;">?</span>
<span style="position:absolute; left:371px; top:124px; font-size:11px;">?</span>
<span style="position:absolute; left:371px; top:133px; font-size:11px;">?</span>
<span style="position:absolute; left:371px; top:143px; font-size:11px;">?</span>
<span style="position:absolute; left:371px; top:153px; font-size:11px;">?</span>
<span style="position:absolute; left:371px; top:162px; font-size:11px;">?</span>
<span style="position:absolute; left:371px; top:172px; font-size:11px;">?</span>
<span style="position:absolute; left:371px; top:181px; font-size:11px;">?</span>
<span style="position:absolute; left:371px; top:191px; font-size:11px;">?</span>
<span style="position:absolute; left:371px; top:200px; font-size:11px;">?</span>
<span style="position:absolute; left:371px; top:210px; font-size:11px;">?</span>
<span style="position:absolute; left:371px; top:220px; font-size:11px;">?</span>
<span style="position:absolute; left:371px; top:229px; font-size:11px;">?</span>
<span style="position:absolute; border: blue 1px solid; left:388px; top:105px; width:11px; height:124px;"></span>
<span style="position:absolute; left:388px; top:105px; font-size:11px;">?</span>
<span style="position:absolute; left:388px; top:114px; font-size:11px;">?</span>
<span style="position:absolute; left:388px; top:124px; font-size:11px;">?</span>
<span style="position:absolute; left:388px; top:133px; font-size:11px;">?</span>
<span style="position:absolute; left:388px; top:143px; font-size:11px;">?</span>
<span style="position:absolute; left:388px; top:153px; font-size:11px;">?</span>
<span style="position:absolute; left:388px; top:162px; font-size:11px;">?</span>
<span style="position:absolute; left:388px; top:172px; font-size:11px;">?</span>
<span style="position:absolute; left:388px; top:181px; font-size:11px;">?</span>
<span style="position:absolute; left:388px; top:191px; font-size:11px;">?</span>
<span style="position:absolute; left:388px; top:200px; font-size:11px;">?</span>
<span style="position:absolute; left:388px; top:210px; font-size:11px;">?</span>
<span style="position:absolute; left:388px; top:220px; font-size:11px;">?</span>
<span style="position:absolute; border: blue 1px solid; left:405px; top:105px; width:11px; height:134px;"></span>
<span style="position:absolute; left:405px; top:105px; font-size:11px;">?</span>
<span style="position:absolute; left:405px; top:114px; font-size:11px;">?</span>
<span style="position:absolute; left:405px; top:124px; font-size:11px;">?</span>
<span style="position:absolute; left:405px; top:133px; font-size:11px;">?</span>
<span style="position:absolute; left:405px; top:143px; font-size:11px;">?</span>
<span style="position:absolute; left:405px; top:153px; font-size:11px;">?</span>
<span style="position:absolute; left:405px; top:162px; font-size:11px;">?</span>
<span style="position:absolute; left:405px; top:172px; font-size:11px;">?</span>
<span style="position:absolute; left:405px; top:181px; font-size:11px;">?</span>
<span style="position:absolute; left:405px; top:191px; font-size:11px;">?</span>
<span style="position:absolute; left:405px; top:200px; font-size:11px;">?</span>
<span style="position:absolute; left:405px; top:210px; font-size:11px;">?</span>
<span style="position:absolute; left:405px; top:220px; font-size:11px;">?</span>
<span style="position:absolute; left:405px; top:229px; font-size:11px;">?</span>
<span style="position:absolute; border: blue 1px solid; left:422px; top:105px; width:11px; height:115px;"></span>
<span style="position:absolute; left:422px; top:105px; font-size:11px;">?</span>
<span style="position:absolute; left:422px; top:114px; font-size:11px;">?</span>
<span style="position:absolute; left:422px; top:124px; font-size:11px;">?</span>
<span style="position:absolute; left:422px; top:133px; font-size:11px;">?</span>
<span style="position:absolute; left:422px; top:143px; font-size:11px;">?</span>
<span style="position:absolute; left:422px; top:153px; font-size:11px;">?</span>
<span style="position:absolute; left:422px; top:162px; font-size:11px;">?</span>
<span style="position:absolute; left:422px; top:172px; font-size:11px;">?</span>
<span style="position:absolute; left:422px; top:181px; font-size:11px;">?</span>
<span style="position:absolute; left:422px; top:191px; font-size:11px;">?</span>
<span style="position:absolute; left:422px; top:200px; font-size:11px;">?</span>
<span style="position:absolute; left:422px; top:210px; font-size:11px;">?</span>
<span style="position:absolute; border: blue 1px solid; left:439px; top:105px; width:11px; height:105px;"></span>
<span style="position:absolute; left:439px; top:105px; font-size:11px;">?</span>
<span style="position:absolute; left:439px; top:114px; font-size:11px;">?</span>
<span style="position:absolute; left:439px; top:124px; font-size:11px;">?</span>
<span style="position:absolute; left:439px; top:133px; font-size:11px;">?</span>
<span style="position:absolute; left:439px; top:143px; font-size:11px;">?</span>
<span style="position:absolute; left:439px; top:153px; font-size:11px;">?</span>
<span style="position:absolute; left:439px; top:162px; font-size:11px;">?</span>
<span style="position:absolute; left:439px; top:172px; font-size:11px;">?</span>
<span style="position:absolute; left:439px; top:181px; font-size:11px;">?</span>
<span style="position:absolute; left:439px; top:191px; font-size:11px;">?</span>
<span style="position:absolute; left:439px; top:200px; font-size:11px;">?</span>
<span style="position:absolute; border: blue 1px solid; left:456px; top:105px; width:11px; height:105px;"></span>
<span style="position:absolute; left:456px; top:105px; font-size:11px;">?</span>
<span style="position:absolute; left:456px; top:114px; font-size:11px;">?</span>
<span style="position:absolute; left:456px; top:124px; font-size:11px;">?</span>
<span style="position:absolute; left:456px; top:133px; font-size:11px;">?</span>
<span style="position:absolute; left:456px; top:143px; font-size:11px;">?</span>
<span style="position:absolute; left:456px; top:153px; font-size:11px;">?</span>
<span style="position:absolute; left:456px; top:162px; font-size:11px;">?</span>
<span style="position:absolute; left:456px; top:172px; font-size:11px;">?</span>
<span style="position:absolute; left:456px; top:181px; font-size:11px;">?</span>
<span style="position:absolute; left:456px; top:191px; font-size:11px;">?</span>
<span style="position:absolute; left:456px; top:200px; font-size:11px;">?</span>
<span style="position:absolute; border: blue 1px solid; left:473px; top:105px; width:11px; height:95px;"></span>
<span style="position:absolute; left:473px; top:105px; font-size:11px;">?</span>
<span style="position:absolute; left:473px; top:114px; font-size:11px;">?</span>
<span style="position:absolute; left:473px; top:124px; font-size:11px;">?</span>
<span style="position:absolute; left:473px; top:133px; font-size:11px;">?</span>
<span style="position:absolute; left:473px; top:143px; font-size:11px;">?</span>
<span style="position:absolute; left:473px; top:153px; font-size:11px;">?</span>
<span style="position:absolute; left:473px; top:162px; font-size:11px;">?</span>
<span style="position:absolute; left:473px; top:172px; font-size:11px;">?</span>
<span style="position:absolute; left:473px; top:181px; font-size:11px;">?</span>
<span style="position:absolute; left:473px; top:191px; font-size:11px;">?</span>
<span style="position:absolute; border: blue 1px solid; left:490px; top:105px; width:11px; height:19px;"></span>
<span style="position:absolute; left:490px; top:105px; font-size:11px;">?</span>
<span style="position:absolute; left:490px; top:114px; font-size:11px;">?</span>
<span style="position:absolute; border: blue 1px solid; left:524px; top:105px; width:11px; height:95px;"></span>
<span style="position:absolute; left:524px; top:105px; font-size:11px;">?</span>
<span style="position:absolute; left:524px; top:114px; font-size:11px;">?</span>
<span style="position:absolute; left:524px; top:124px; font-size:11px;">?</span>
<span style="position:absolute; left:524px; top:133px; font-size:11px;">?</span>
<span style="position:absolute; left:524px; top:143px; font-size:11px;">?</span>
<span style="position:absolute; left:524px; top:153px; font-size:11px;">?</span>
<span style="position:absolute; left:524px; top:162px; font-size:11px;">?</span>
<span style="position:absolute; left:524px; top:172px; font-size:11px;">?</span>
<span style="position:absolute; left:524px; top:181px; font-size:11px;">?</span>
<span style="position:absolute; left:524px; top:191px; font-size:11px;">?</span>
<span style="position:absolute; border: blue 1px solid; left:541px; top:105px; width:11px; height:67px;"></span>
<span style="position:absolute; left:541px; top:105px; font-size:11px;">?</span>
<span style="position:absolute; left:541px; top:114px; font-size:11px;">?</span>
<span style="position:absolute; left:541px; top:124px; font-size:11px;">?</span>
<span style="position:absolute; left:541px; top:133px; font-size:11px;">?</span>
<span style="position:absolute; left:541px; top:143px; font-size:11px;">?</span>
<span style="position:absolute; left:541px; top:153px; font-size:11px;">?</span>
<span style="position:absolute; left:541px; top:162px; font-size:11px;">?</span>
<span style="position:absolute; border: blue 1px solid; left:558px; top:105px; width:11px; height:143px;"></span>
<span style="position:absolute; left:558px; top:105px; font-size:11px;">?</span>
<span style="position:absolute; left:558px; top:114px; font-size:11px;">?</span>
<span style="position:absolute; left:558px; top:124px; font-size:11px;">?</span>
<span style="position:absolute; left:558px; top:133px; font-size:11px;">?</span>
<span style="position:absolute; left:558px; top:143px; font-size:11px;">?</span>
<span style="position:absolute; left:558px; top:153px; font-size:11px;">?</span>
<span style="position:absolute; left:558px; top:162px; font-size:11px;">?</span>
<span style="position:absolute; left:558px; top:172px; font-size:11px;">?</span>
<span style="position:absolute; left:558px; top:181px; font-size:11px;">?</span>
<span style="position:absolute; left:558px; top:191px; font-size:11px;">?</span>
<span style="position:absolute; left:558px; top:200px; font-size:11px;">?</span>
<span style="position:absolute; left:558px; top:210px; font-size:11px;">?</span>
<span style="position:absolute; left:558px; top:220px; font-size:11px;">?</span>
<span style="position:absolute; left:558px; top:229px; font-size:11px;">?</span>
<span style="position:absolute; left:558px; top:239px; font-size:11px;">?</span>
<span style="position:absolute; border: blue 1px solid; left:575px; top:105px; width:11px; height:134px;"></span>
<span style="position:absolute; left:575px; top:105px; font-size:11px;">?</span>
<span style="position:absolute; left:575px; top:114px; font-size:11px;">?</span>
<span style="position:absolute; left:575px; top:124px; font-size:11px;">?</span>
<span style="position:absolute; left:575px; top:133px; font-size:11px;">?</span>
<span style="position:absolute; left:575px; top:143px; font-size:11px;">?</span>
<span style="position:absolute; left:575px; top:153px; font-size:11px;">?</span>
<span style="position:absolute; left:575px; top:162px; font-size:11px;">?</span>
<span style="position:absolute; left:575px; top:172px; font-size:11px;">?</span>
<span style="position:absolute; left:575px; top:181px; font-size:11px;">?</span>
<span style="position:absolute; left:575px; top:191px; font-size:11px;">?</span>
<span style="position:absolute; left:575px; top:200px; font-size:11px;">?</span>
<span style="position:absolute; left:575px; top:210px; font-size:11px;">?</span>
<span style="position:absolute; left:575px; top:220px; font-size:11px;">?</span>
<span style="position:absolute; left:575px; top:229px; font-size:11px;">?</span>
<span style="position:absolute; border: blue 1px solid; left:592px; top:105px; width:11px; height:115px;"></span>
<span style="position:absolute; left:592px; top:105px; font-size:11px;">?</span>
<span style="position:absolute; left:592px; top:114px; font-size:11px;">?</span>
<span style="position:absolute; left:592px; top:124px; font-size:11px;">?</span>
<span style="position:absolute; left:592px; top:133px; font-size:11px;">?</span>
<span style="position:absolute; left:592px; top:143px; font-size:11px;">?</span>
<span style="position:absolute; left:592px; top:153px; font-size:11px;">?</span>
<span style="position:absolute; left:592px; top:162px; font-size:11px;">?</span>
<span style="position:absolute; left:592px; top:172px; font-size:11px;">?</span>
<span style="position:absolute; left:592px; top:181px; font-size:11px;">?</span>
<span style="position:absolute; left:592px; top:191px; font-size:11px;">?</span>
<span style="position:absolute; left:592px; top:200px; font-size:11px;">?</span>
<span style="position:absolute; left:592px; top:210px; font-size:11px;">?</span>
<span style="position:absolute; border: blue 1px solid; left:609px; top:105px; width:11px; height:143px;"></span>
<span style="position:absolute; left:609px; top:105px; font-size:11px;">?</span>
<span style="position:absolute; left:609px; top:114px; font-size:11px;">?</span>
<span style="position:absolute; left:609px; top:124px; font-size:11px;">?</span>
<span style="position:absolute; left:609px; top:133px; font-size:11px;">?</span>
<span style="position:absolute; left:609px; top:143px; font-size:11px;">?</span>
<span style="position:absolute; left:609px; top:153px; font-size:11px;">?</span>
<span style="position:absolute; left:609px; top:162px; font-size:11px;">?</span>
<span style="position:absolute; left:609px; top:172px; font-size:11px;">?</span>
<span style="position:absolute; left:609px; top:181px; font-size:11px;">?</span>
<span style="position:absolute; left:609px; top:191px; font-size:11px;">?</span>
<span style="position:absolute; left:609px; top:200px; font-size:11px;">?</span>
<span style="position:absolute; left:609px; top:210px; font-size:11px;">?</span>
<span style="position:absolute; left:609px; top:220px; font-size:11px;">?</span>
<span style="position:absolute; left:609px; top:229px; font-size:11px;">?</span>
<span style="position:absolute; left:609px; top:239px; font-size:11px;">?</span>
<span style="position:absolute; border: blue 1px solid; left:625px; top:105px; width:11px; height:95px;"></span>
<span style="position:absolute; left:625px; top:105px; font-size:11px;">?</span>
<span style="position:absolute; left:625px; top:114px; font-size:11px;">?</span>
<span style="position:absolute; left:625px; top:124px; font-size:11px;">?</span>
<span style="position:absolute; left:625px; top:133px; font-size:11px;">?</span>
<span style="position:absolute; left:625px; top:143px; font-size:11px;">?</span>
<span style="position:absolute; left:625px; top:153px; font-size:11px;">?</span>
<span style="position:absolute; left:625px; top:162px; font-size:11px;">?</span>
<span style="position:absolute; left:625px; top:172px; font-size:11px;">?</span>
<span style="position:absolute; left:625px; top:181px; font-size:11px;">?</span>
<span style="position:absolute; left:625px; top:191px; font-size:11px;">?</span>
<span style="position:absolute; border: blue 1px solid; left:642px; top:105px; width:11px; height:115px;"></span>
<span style="position:absolute; left:642px; top:105px; font-size:11px;">?</span>
<span style="position:absolute; left:642px; top:114px; font-size:11px;">?</span>
<span style="position:absolute; left:642px; top:124px; font-size:11px;">?</span>
<span style="position:absolute; left:642px; top:133px; font-size:11px;">?</span>
<span style="position:absolute; left:642px; top:143px; font-size:11px;">?</span>
<span style="position:absolute; left:642px; top:153px; font-size:11px;">?</span>
<span style="position:absolute; left:642px; top:162px; font-size:11px;">?</span>
<span style="position:absolute; left:642px; top:172px; font-size:11px;">?</span>
<span style="position:absolute; left:642px; top:181px; font-size:11px;">?</span>
<span style="position:absolute; left:642px; top:191px; font-size:11px;">?</span>
<span style="position:absolute; left:642px; top:200px; font-size:11px;">?</span>
<span style="position:absolute; left:642px; top:210px; font-size:11px;">?</span>
<span style="position:absolute; border: blue 1px solid; left:659px; top:105px; width:11px; height:95px;"></span>
<span style="position:absolute; left:659px; top:105px; font-size:11px;">?</span>
<span style="position:absolute; left:659px; top:114px; font-size:11px;">?</span>
<span style="position:absolute; left:659px; top:124px; font-size:11px;">?</span>
<span style="position:absolute; left:659px; top:133px; font-size:11px;">?</span>
<span style="position:absolute; left:659px; top:143px; font-size:11px;">?</span>
<span style="position:absolute; left:659px; top:153px; font-size:11px;">?</span>
<span style="position:absolute; left:659px; top:162px; font-size:11px;">?</span>
<span style="position:absolute; left:659px; top:172px; font-size:11px;">?</span>
<span style="position:absolute; left:659px; top:181px; font-size:11px;">?</span>
<span style="position:absolute; left:659px; top:191px; font-size:11px;">?</span>
<span style="position:absolute; border: blue 1px solid; left:507px; top:105px; width:11px; height:172px;"></span>
<span style="position:absolute; left:507px; top:105px; font-size:11px;">?</span>
<span style="position:absolute; left:507px; top:114px; font-size:11px;">?</span>
<span style="position:absolute; left:507px; top:124px; font-size:11px;">?</span>
<span style="position:absolute; left:507px; top:133px; font-size:11px;">?</span>
<span style="position:absolute; left:507px; top:143px; font-size:11px;">?</span>
<span style="position:absolute; left:507px; top:153px; font-size:11px;">?</span>
<span style="position:absolute; left:507px; top:162px; font-size:11px;">?</span>
<span style="position:absolute; left:507px; top:172px; font-size:11px;">?</span>
<span style="position:absolute; left:507px; top:181px; font-size:11px;">?</span>
<span style="position:absolute; left:507px; top:191px; font-size:11px;">?</span>
<span style="position:absolute; left:507px; top:200px; font-size:11px;">?</span>
<span style="position:absolute; left:507px; top:210px; font-size:11px;">?</span>
<span style="position:absolute; left:507px; top:220px; font-size:11px;">?</span>
<span style="position:absolute; left:507px; top:229px; font-size:11px;">?</span>
<span style="position:absolute; left:507px; top:239px; font-size:11px;">?</span>
<span style="position:absolute; left:507px; top:248px; font-size:11px;">?</span>
<span style="position:absolute; left:507px; top:258px; font-size:11px;">?</span>
<span style="position:absolute; left:507px; top:268px; font-size:11px;">?</span>
<span style="position:absolute; border: blue 1px solid; left:101px; top:374px; width:11px; height:19px;"></span>
<span style="position:absolute; left:101px; top:374px; font-size:11px;">?</span>
<span style="position:absolute; left:101px; top:384px; font-size:11px;">?</span>
<span style="position:absolute; border: blue 1px solid; left:118px; top:374px; width:11px; height:143px;"></span>
<span style="position:absolute; left:118px; top:374px; font-size:11px;">?</span>
<span style="position:absolute; left:118px; top:384px; font-size:11px;">?</span>
<span style="position:absolute; left:118px; top:393px; font-size:11px;">?</span>
<span style="position:absolute; left:118px; top:403px; font-size:11px;">?</span>
<span style="position:absolute; left:118px; top:412px; font-size:11px;">?</span>
<span style="position:absolute; left:118px; top:422px; font-size:11px;">?</span>
<span style="position:absolute; left:118px; top:432px; font-size:11px;">?</span>
<span style="position:absolute; left:118px; top:441px; font-size:11px;">?</span>
<span style="position:absolute; left:118px; top:451px; font-size:11px;">?</span>
<span style="position:absolute; left:118px; top:460px; font-size:11px;">?</span>
<span style="position:absolute; left:118px; top:470px; font-size:11px;">?</span>
<span style="position:absolute; left:118px; top:480px; font-size:11px;">?</span>
<span style="position:absolute; left:118px; top:489px; font-size:11px;">?</span>
<span style="position:absolute; left:118px; top:499px; font-size:11px;">?</span>
<span style="position:absolute; left:118px; top:508px; font-size:11px;">?</span>
<span style="position:absolute; border: blue 1px solid; left:135px; top:374px; width:11px; height:143px;"></span>
<span style="position:absolute; left:135px; top:374px; font-size:11px;">?</span>
<span style="position:absolute; left:135px; top:384px; font-size:11px;">?</span>
<span style="position:absolute; left:135px; top:393px; font-size:11px;">?</span>
<span style="position:absolute; left:135px; top:403px; font-size:11px;">?</span>
<span style="position:absolute; left:135px; top:412px; font-size:11px;">?</span>
<span style="position:absolute; left:135px; top:422px; font-size:11px;">?</span>
<span style="position:absolute; left:135px; top:432px; font-size:11px;">?</span>
<span style="position:absolute; left:135px; top:441px; font-size:11px;">?</span>
<span style="position:absolute; left:135px; top:451px; font-size:11px;">?</span>
<span style="position:absolute; left:135px; top:460px; font-size:11px;">?</span>
<span style="position:absolute; left:135px; top:470px; font-size:11px;">?</span>
<span style="position:absolute; left:135px; top:480px; font-size:11px;">?</span>
<span style="position:absolute; left:135px; top:489px; font-size:11px;">?</span>
<span style="position:absolute; left:135px; top:499px; font-size:11px;">?</span>
<span style="position:absolute; left:135px; top:508px; font-size:11px;">?</span>
<span style="position:absolute; border: blue 1px solid; left:152px; top:374px; width:11px; height:95px;"></span>
<span style="position:absolute; left:152px; top:374px; font-size:11px;">?</span>
<span style="position:absolute; left:152px; top:384px; font-size:11px;">?</span>
<span style="position:absolute; left:152px; top:393px; font-size:11px;">?</span>
<span style="position:absolute; left:152px; top:403px; font-size:11px;">?</span>
<span style="position:absolute; left:152px; top:412px; font-size:11px;">?</span>
<span style="position:absolute; left:152px; top:422px; font-size:11px;">?</span>
<span style="position:absolute; left:152px; top:432px; font-size:11px;">?</span>
<span style="position:absolute; left:152px; top:441px; font-size:11px;">?</span>
<span style="position:absolute; left:152px; top:451px; font-size:11px;">?</span>
<span style="position:absolute; left:152px; top:460px; font-size:11px;">?</span>
<span style="position:absolute; border: blue 1px solid; left:186px; top:374px; width:11px; height:105px;"></span>
<span style="position:absolute; left:186px; top:374px; font-size:11px;">?</span>
<span style="position:absolute; left:186px; top:384px; font-size:11px;">?</span>
<span style="position:absolute; left:186px; top:393px; font-size:11px;">?</span>
<span style="position:absolute; left:186px; top:403px; font-size:11px;">?</span>
<span style="position:absolute; left:186px; top:412px; font-size:11px;">?</span>
<span style="position:absolute; left:186px; top:422px; font-size:11px;">?</span>
<span style="position:absolute; left:186px; top:432px; font-size:11px;">?</span>
<span style="position:absolute; left:186px; top:441px; font-size:11px;">?</span>
<span style="position:absolute; left:186px; top:451px; font-size:11px;">?</span>
<span style="position:absolute; left:186px; top:460px; font-size:11px;">?</span>
<span style="position:absolute; left:186px; top:470px; font-size:11px;">?</span>
<span style="position:absolute; border: blue 1px solid; left:203px; top:374px; width:11px; height:115px;"></span>
<span style="position:absolute; left:203px; top:374px; font-size:11px;">?</span>
<span style="position:absolute; left:203px; top:384px; font-size:11px;">?</span>
<span style="position:absolute; left:203px; top:393px; font-size:11px;">?</span>
<span style="position:absolute; left:203px; top:403px; font-size:11px;">?</span>
<span style="position:absolute; left:203px; top:412px; font-size:11px;">?</span>
<span style="position:absolute; left:203px; top:422px; font-size:11px;">?</span>
<span style="position:absolute; left:203px; top:432px; font-size:11px;">?</span>
<span style="position:absolute; left:203px; top:441px; font-size:11px;">?</span>
<span style="position:absolute; left:203px; top:451px; font-size:11px;">?</span>
<span style="position:absolute; left:203px; top:460px; font-size:11px;">?</span>
<span style="position:absolute; left:203px; top:470px; font-size:11px;">?</span>
<span style="position:absolute; left:203px; top:480px; font-size:11px;">?</span>
<span style="position:absolute; border: blue 1px solid; left:220px; top:374px; width:11px; height:124px;"></span>
<span style="position:absolute; left:220px; top:374px; font-size:11px;">?</span>
<span style="position:absolute; left:220px; top:384px; font-size:11px;">?</span>
<span style="position:absolute; left:220px; top:393px; font-size:11px;">?</span>
<span style="position:absolute; left:220px; top:403px; font-size:11px;">?</span>
<span style="position:absolute; left:220px; top:412px; font-size:11px;">?</span>
<span style="position:absolute; left:220px; top:422px; font-size:11px;">?</span>
<span style="position:absolute; left:220px; top:432px; font-size:11px;">?</span>
<span style="position:absolute; left:220px; top:441px; font-size:11px;">?</span>
<span style="position:absolute; left:220px; top:451px; font-size:11px;">?</span>
<span style="position:absolute; left:220px; top:460px; font-size:11px;">?</span>
<span style="position:absolute; left:220px; top:470px; font-size:11px;">?</span>
<span style="position:absolute; left:220px; top:480px; font-size:11px;">?</span>
<span style="position:absolute; left:220px; top:489px; font-size:11px;">?</span>
<span style="position:absolute; border: blue 1px solid; left:237px; top:374px; width:11px; height:115px;"></span>
<span style="position:absolute; left:237px; top:374px; font-size:11px;">?</span>
<span style="position:absolute; left:237px; top:384px; font-size:11px;">?</span>
<span style="position:absolute; left:237px; top:393px; font-size:11px;">?</span>
<span style="position:absolute; left:237px; top:403px; font-size:11px;">?</span>
<span style="position:absolute; left:237px; top:412px; font-size:11px;">?</span>
<span style="position:absolute; left:237px; top:422px; font-size:11px;">?</span>
<span style="position:absolute; left:237px; top:432px; font-size:11px;">?</span>
<span style="position:absolute; left:237px; top:441px; font-size:11px;">?</span>
<span style="position:absolute; left:237px; top:451px; font-size:11px;">?</span>
<span style="position:absolute; left:237px; top:460px; font-size:11px;">?</span>
<span style="position:absolute; left:237px; top:470px; font-size:11px;">?</span>
<span style="position:absolute; left:237px; top:480px; font-size:11px;">?</span>
<span style="position:absolute; border: blue 1px solid; left:253px; top:374px; width:11px; height:143px;"></span>
<span style="position:absolute; left:253px; top:374px; font-size:11px;">?</span>
<span style="position:absolute; left:253px; top:384px; font-size:11px;">?</span>
<span style="position:absolute; left:253px; top:393px; font-size:11px;">?</span>
<span style="position:absolute; left:253px; top:403px; font-size:11px;">?</span>
<span style="position:absolute; left:253px; top:412px; font-size:11px;">?</span>
<span style="position:absolute; left:253px; top:422px; font-size:11px;">?</span>
<span style="position:absolute; left:253px; top:432px; font-size:11px;">?</span>
<span style="position:absolute; left:253px; top:441px; font-size:11px;">?</span>
<span style="position:absolute; left:253px; top:451px; font-size:11px;">?</span>
<span style="position:absolute; left:253px; top:460px; font-size:11px;">?</span>
<span style="position:absolute; left:253px; top:470px; font-size:11px;">?</span>
<span style="position:absolute; left:253px; top:480px; font-size:11px;">?</span>
<span style="position:absolute; left:253px; top:489px; font-size:11px;">?</span>
<span style="position:absolute; left:253px; top:499px; font-size:11px;">?</span>
<span style="position:absolute; left:253px; top:508px; font-size:11px;">?</span>
<span style="position:absolute; border: blue 1px solid; left:270px; top:374px; width:11px; height:182px;"></span>
<span style="position:absolute; left:270px; top:374px; font-size:11px;">?</span>
<span style="position:absolute; left:270px; top:384px; font-size:11px;">?</span>
<span style="position:absolute; left:270px; top:393px; font-size:11px;">?</span>
<span style="position:absolute; left:270px; top:403px; font-size:11px;">?</span>
<span style="position:absolute; left:270px; top:412px; font-size:11px;">?</span>
<span style="position:absolute; left:270px; top:422px; font-size:11px;">?</span>
<span style="position:absolute; left:270px; top:432px; font-size:11px;">?</span>
<span style="position:absolute; left:270px; top:441px; font-size:11px;">?</span>
<span style="position:absolute; left:270px; top:451px; font-size:11px;">?</span>
<span style="position:absolute; left:270px; top:460px; font-size:11px;">?</span>
<span style="position:absolute; left:270px; top:470px; font-size:11px;">?</span>
<span style="position:absolute; left:270px; top:480px; font-size:11px;">?</span>
<span style="position:absolute; left:270px; top:489px; font-size:11px;">?</span>
<span style="position:absolute; left:270px; top:499px; font-size:11px;">?</span>
<span style="position:absolute; left:270px; top:508px; font-size:11px;">?</span>
<span style="position:absolute; left:270px; top:518px; font-size:11px;">?</span>
<span style="position:absolute; left:270px; top:527px; font-size:11px;">?</span>
<span style="position:absolute; left:270px; top:537px; font-size:11px;">?</span>
<span style="position:absolute; left:270px; top:547px; font-size:11px;">?</span>
<span style="position:absolute; border: blue 1px solid; left:287px; top:374px; width:11px; height:191px;"></span>
<span style="position:absolute; left:287px; top:374px; font-size:11px;">?</span>
<span style="position:absolute; left:287px; top:384px; font-size:11px;">?</span>
<span style="position:absolute; left:287px; top:393px; font-size:11px;">?</span>
<span style="position:absolute; left:287px; top:403px; font-size:11px;">?</span>
<span style="position:absolute; left:287px; top:412px; font-size:11px;">?</span>
<span style="position:absolute; left:287px; top:422px; font-size:11px;">?</span>
<span style="position:absolute; left:287px; top:432px; font-size:11px;">?</span>
<span style="position:absolute; left:287px; top:441px; font-size:11px;">?</span>
<span style="position:absolute; left:287px; top:451px; font-size:11px;">?</span>
<span style="position:absolute; left:287px; top:460px; font-size:11px;">?</span>
<span style="position:absolute; left:287px; top:470px; font-size:11px;">?</span>
<span style="position:absolute; left:287px; top:480px; font-size:11px;">?</span>
<span style="position:absolute; left:287px; top:489px; font-size:11px;">?</span>
<span style="position:absolute; left:287px; top:499px; font-size:11px;">?</span>
<span style="position:absolute; left:287px; top:508px; font-size:11px;">?</span>
<span style="position:absolute; left:287px; top:518px; font-size:11px;">?</span>
<span style="position:absolute; left:287px; top:527px; font-size:11px;">?</span>
<span style="position:absolute; left:287px; top:537px; font-size:11px;">?</span>
<span style="position:absolute; left:287px; top:547px; font-size:11px;">?</span>
<span style="position:absolute; left:287px; top:556px; font-size:11px;">?</span>
<span style="position:absolute; border: blue 1px solid; left:321px; top:374px; width:11px; height:172px;"></span>
<span style="position:absolute; left:321px; top:374px; font-size:11px;">?</span>
<span style="position:absolute; left:321px; top:384px; font-size:11px;">?</span>
<span style="position:absolute; left:321px; top:393px; font-size:11px;">?</span>
<span style="position:absolute; left:321px; top:403px; font-size:11px;">?</span>
<span style="position:absolute; left:321px; top:412px; font-size:11px;">?</span>
<span style="position:absolute; left:321px; top:422px; font-size:11px;">?</span>
<span style="position:absolute; left:321px; top:432px; font-size:11px;">?</span>
<span style="position:absolute; left:321px; top:441px; font-size:11px;">?</span>
<span style="position:absolute; left:321px; top:451px; font-size:11px;">?</span>
<span style="position:absolute; left:321px; top:460px; font-size:11px;">?</span>
<span style="position:absolute; left:321px; top:470px; font-size:11px;">?</span>
<span style="position:absolute; left:321px; top:480px; font-size:11px;">?</span>
<span style="position:absolute; left:321px; top:489px; font-size:11px;">?</span>
<span style="position:absolute; left:321px; top:499px; font-size:11px;">?</span>
<span style="position:absolute; left:321px; top:508px; font-size:11px;">?</span>
<span style="position:absolute; left:321px; top:518px; font-size:11px;">?</span>
<span style="position:absolute; left:321px; top:527px; font-size:11px;">?</span>
<span style="position:absolute; left:321px; top:537px; font-size:11px;">?</span>
<span style="position:absolute; border: blue 1px solid; left:338px; top:374px; width:11px; height:162px;"></span>
<span style="position:absolute; left:338px; top:374px; font-size:11px;">?</span>
<span style="position:absolute; left:338px; top:384px; font-size:11px;">?</span>
<span style="position:absolute; left:338px; top:393px; font-size:11px;">?</span>
<span style="position:absolute; left:338px; top:403px; font-size:11px;">?</span>
<span style="position:absolute; left:338px; top:412px; font-size:11px;">?</span>
<span style="position:absolute; left:338px; top:422px; font-size:11px;">?</span>
<span style="position:absolute; left:338px; top:432px; font-size:11px;">?</span>
<span style="position:absolute; left:338px; top:441px; font-size:11px;">?</span>
<span style="position:absolute; left:338px; top:451px; font-size:11px;">?</span>
<span style="position:absolute; left:338px; top:460px; font-size:11px;">?</span>
<span style="position:absolute; left:338px; top:470px; font-size:11px;">?</span>
<span style="position:absolute; left:338px; top:480px; font-size:11px;">?</span>
<span style="position:absolute; left:338px; top:489px; font-size:11px;">?</span>
<span style="position:absolute; left:338px; top:499px; font-size:11px;">?</span>
<span style="position:absolute; left:338px; top:508px; font-size:11px;">?</span>
<span style="position:absolute; left:338px; top:518px; font-size:11px;">?</span>
<span style="position:absolute; left:338px; top:527px; font-size:11px;">?</span>
<span style="position:absolute; border: blue 1px solid; left:355px; top:374px; width:11px; height:172px;"></span>
<span style="position:absolute; left:355px; top:374px; font-size:11px;">?</span>
<span style="position:absolute; left:355px; top:384px; font-size:11px;">?</span>
<span style="position:absolute; left:355px; top:393px; font-size:11px;">?</span>
<span style="position:absolute; left:355px; top:403px; font-size:11px;">?</span>
<span style="position:absolute; left:355px; top:412px; font-size:11px;">?</span>
<span style="position:absolute; left:355px; top:422px; font-size:11px;">?</span>
<span style="position:absolute; left:355px; top:432px; font-size:11px;">?</span>
<span style="position:absolute; left:355px; top:441px; font-size:11px;">?</span>
<span style="position:absolute; left:355px; top:451px; font-size:11px;">?</span>
<span style="position:absolute; left:355px; top:460px; font-size:11px;">?</span>
<span style="position:absolute; left:355px; top:470px; font-size:11px;">?</span>
<span style="position:absolute; left:355px; top:480px; font-size:11px;">?</span>
<span style="position:absolute; left:355px; top:489px; font-size:11px;">?</span>
<span style="position:absolute; left:355px; top:499px; font-size:11px;">?</span>
<span style="position:absolute; left:355px; top:508px; font-size:11px;">?</span>
<span style="position:absolute; left:355px; top:518px; font-size:11px;">?</span>
<span style="position:absolute; left:355px; top:527px; font-size:11px;">?</span>
<span style="position:absolute; left:355px; top:537px; font-size:11px;">?</span>
<span style="position:absolute; border: blue 1px solid; left:372px; top:374px; width:11px; height:172px;"></span>
<span style="position:absolute; left:372px; top:374px; font-size:11px;">?</span>
<span style="position:absolute; left:372px; top:384px; font-size:11px;">?</span>
<span style="position:absolute; left:372px; top:393px; font-size:11px;">?</span>
<span style="position:absolute; left:372px; top:403px; font-size:11px;">?</span>
<span style="position:absolute; left:372px; top:412px; font-size:11px;">?</span>
<span style="position:absolute; left:372px; top:422px; font-size:11px;">?</span>
<span style="position:absolute; left:372px; top:432px; font-size:11px;">?</span>
<span style="position:absolute; left:372px; top:441px; font-size:11px;">?</span>
<span style="position:absolute; left:372px; top:451px; font-size:11px;">?</span>
<span style="position:absolute; left:372px; top:460px; font-size:11px;">?</span>
<span style="position:absolute; left:372px; top:470px; font-size:11px;">?</span>
<span style="position:absolute; left:372px; top:480px; font-size:11px;">?</span>
<span style="position:absolute; left:372px; top:489px; font-size:11px;">?</span>
<span style="position:absolute; left:372px; top:499px; font-size:11px;">?</span>
<span style="position:absolute; left:372px; top:508px; font-size:11px;">?</span>
<span style="position:absolute; left:372px; top:518px; font-size:11px;">?</span>
<span style="position:absolute; left:372px; top:527px; font-size:11px;">?</span>
<span style="position:absolute; left:372px; top:537px; font-size:11px;">?</span>
<span style="position:absolute; border: blue 1px solid; left:389px; top:374px; width:11px; height:134px;"></span>
<span style="position:absolute; left:389px; top:374px; font-size:11px;">?</span>
<span style="position:absolute; left:389px; top:384px; font-size:11px;">?</span>
<span style="position:absolute; left:389px; top:393px; font-size:11px;">?</span>
<span style="position:absolute; left:389px; top:403px; font-size:11px;">?</span>
<span style="position:absolute; left:389px; top:412px; font-size:11px;">?</span>
<span style="position:absolute; left:389px; top:422px; font-size:11px;">?</span>
<span style="position:absolute; left:389px; top:432px; font-size:11px;">?</span>
<span style="position:absolute; left:389px; top:441px; font-size:11px;">?</span>
<span style="position:absolute; left:389px; top:451px; font-size:11px;">?</span>
<span style="position:absolute; left:389px; top:460px; font-size:11px;">?</span>
<span style="position:absolute; left:389px; top:470px; font-size:11px;">?</span>
<span style="position:absolute; left:389px; top:480px; font-size:11px;">?</span>
<span style="position:absolute; left:389px; top:489px; font-size:11px;">?</span>
<span style="position:absolute; left:389px; top:499px; font-size:11px;">?</span>
<span style="position:absolute; border: blue 1px solid; left:406px; top:374px; width:11px; height:153px;"></span>
<span style="position:absolute; left:406px; top:374px; font-size:11px;">?</span>
<span style="position:absolute; left:406px; top:384px; font-size:11px;">?</span>
<span style="position:absolute; left:406px; top:393px; font-size:11px;">?</span>
<span style="position:absolute; left:406px; top:403px; font-size:11px;">?</span>
<span style="position:absolute; left:406px; top:412px; font-size:11px;">?</span>
<span style="position:absolute; left:406px; top:422px; font-size:11px;">?</span>
<span style="position:absolute; left:406px; top:432px; font-size:11px;">?</span>
<span style="position:absolute; left:406px; top:441px; font-size:11px;">?</span>
<span style="position:absolute; left:406px; top:451px; font-size:11px;">?</span>
<span style="position:absolute; left:406px; top:460px; font-size:11px;">?</span>
<span style="position:absolute; left:406px; top:470px; font-size:11px;">?</span>
<span style="position:absolute; left:406px; top:480px; font-size:11px;">?</span>
<span style="position:absolute; left:406px; top:489px; font-size:11px;">?</span>
<span style="position:absolute; left:406px; top:499px; font-size:11px;">?</span>
<span style="position:absolute; left:406px; top:508px; font-size:11px;">?</span>
<span style="position:absolute; left:406px; top:518px; font-size:11px;">?</span>
<span style="position:absolute; border: blue 1px solid; left:423px; top:374px; width:11px; height:172px;"></span>
<span style="position:absolute; left:423px; top:374px; font-size:11px;">?</span>
<span style="position:absolute; left:423px; top:384px; font-size:11px;">?</span>
<span style="position:absolute; left:423px; top:393px; font-size:11px;">?</span>
<span style="position:absolute; left:423px; top:403px; font-size:11px;">?</span>
<span style="position:absolute; left:423px; top:412px; font-size:11px;">?</span>
<span style="position:absolute; left:423px; top:422px; font-size:11px;">?</span>
<span style="position:absolute; left:423px; top:432px; font-size:11px;">?</span>
<span style="position:absolute; left:423px; top:441px; font-size:11px;">?</span>
<span style="position:absolute; left:423px; top:451px; font-size:11px;">?</span>
<span style="position:absolute; left:423px; top:460px; font-size:11px;">?</span>
<span style="position:absolute; left:423px; top:470px; font-size:11px;">?</span>
<span style="position:absolute; left:423px; top:480px; font-size:11px;">?</span>
<span style="position:absolute; left:423px; top:489px; font-size:11px;">?</span>
<span style="position:absolute; left:423px; top:499px; font-size:11px;">?</span>
<span style="position:absolute; left:423px; top:508px; font-size:11px;">?</span>
<span style="position:absolute; left:423px; top:518px; font-size:11px;">?</span>
<span style="position:absolute; left:423px; top:527px; font-size:11px;">?</span>
<span style="position:absolute; left:423px; top:537px; font-size:11px;">?</span>
<span style="position:absolute; border: blue 1px solid; left:440px; top:374px; width:11px; height:182px;"></span>
<span style="position:absolute; left:440px; top:374px; font-size:11px;">?</span>
<span style="position:absolute; left:440px; top:384px; font-size:11px;">?</span>
<span style="position:absolute; left:440px; top:393px; font-size:11px;">?</span>
<span style="position:absolute; left:440px; top:403px; font-size:11px;">?</span>
<span style="position:absolute; left:440px; top:412px; font-size:11px;">?</span>
<span style="position:absolute; left:440px; top:422px; font-size:11px;">?</span>
<span style="position:absolute; left:440px; top:432px; font-size:11px;">?</span>
<span style="position:absolute; left:440px; top:441px; font-size:11px;">?</span>
<span style="position:absolute; left:440px; top:451px; font-size:11px;">?</span>
<span style="position:absolute; left:440px; top:460px; font-size:11px;">?</span>
<span style="position:absolute; left:440px; top:470px; font-size:11px;">?</span>
<span style="position:absolute; left:440px; top:480px; font-size:11px;">?</span>
<span style="position:absolute; left:440px; top:489px; font-size:11px;">?</span>
<span style="position:absolute; left:440px; top:499px; font-size:11px;">?</span>
<span style="position:absolute; left:440px; top:508px; font-size:11px;">?</span>
<span style="position:absolute; left:440px; top:518px; font-size:11px;">?</span>
<span style="position:absolute; left:440px; top:527px; font-size:11px;">?</span>
<span style="position:absolute; left:440px; top:537px; font-size:11px;">?</span>
<span style="position:absolute; left:440px; top:547px; font-size:11px;">?</span>
<span style="position:absolute; border: blue 1px solid; left:457px; top:374px; width:11px; height:124px;"></span>
<span style="position:absolute; left:457px; top:374px; font-size:11px;">?</span>
<span style="position:absolute; left:457px; top:384px; font-size:11px;">?</span>
<span style="position:absolute; left:457px; top:393px; font-size:11px;">?</span>
<span style="position:absolute; left:457px; top:403px; font-size:11px;">?</span>
<span style="position:absolute; left:457px; top:412px; font-size:11px;">?</span>
<span style="position:absolute; left:457px; top:422px; font-size:11px;">?</span>
<span style="position:absolute; left:457px; top:432px; font-size:11px;">?</span>
<span style="position:absolute; left:457px; top:441px; font-size:11px;">?</span>
<span style="position:absolute; left:457px; top:451px; font-size:11px;">?</span>
<span style="position:absolute; left:457px; top:460px; font-size:11px;">?</span>
<span style="position:absolute; left:457px; top:470px; font-size:11px;">?</span>
<span style="position:absolute; left:457px; top:480px; font-size:11px;">?</span>
<span style="position:absolute; left:457px; top:489px; font-size:11px;">?</span>
<span style="position:absolute; border: blue 1px solid; left:474px; top:374px; width:11px; height:153px;"></span>
<span style="position:absolute; left:474px; top:374px; font-size:11px;">?</span>
<span style="position:absolute; left:474px; top:384px; font-size:11px;">?</span>
<span style="position:absolute; left:474px; top:393px; font-size:11px;">?</span>
<span style="position:absolute; left:474px; top:403px; font-size:11px;">?</span>
<span style="position:absolute; left:474px; top:412px; font-size:11px;">?</span>
<span style="position:absolute; left:474px; top:422px; font-size:11px;">?</span>
<span style="position:absolute; left:474px; top:432px; font-size:11px;">?</span>
<span style="position:absolute; left:474px; top:441px; font-size:11px;">?</span>
<span style="position:absolute; left:474px; top:451px; font-size:11px;">?</span>
<span style="position:absolute; left:474px; top:460px; font-size:11px;">?</span>
<span style="position:absolute; left:474px; top:470px; font-size:11px;">?</span>
<span style="position:absolute; left:474px; top:480px; font-size:11px;">?</span>
<span style="position:absolute; left:474px; top:489px; font-size:11px;">?</span>
<span style="position:absolute; left:474px; top:499px; font-size:11px;">?</span>
<span style="position:absolute; left:474px; top:508px; font-size:11px;">?</span>
<span style="position:absolute; left:474px; top:518px; font-size:11px;">?</span>
<span style="position:absolute; border: blue 1px solid; left:491px; top:374px; width:11px; height:105px;"></span>
<span style="position:absolute; left:491px; top:374px; font-size:11px;">?</span>
<span style="position:absolute; left:491px; top:384px; font-size:11px;">?</span>
<span style="position:absolute; left:491px; top:393px; font-size:11px;">?</span>
<span style="position:absolute; left:491px; top:403px; font-size:11px;">?</span>
<span style="position:absolute; left:491px; top:412px; font-size:11px;">?</span>
<span style="position:absolute; left:491px; top:422px; font-size:11px;">?</span>
<span style="position:absolute; left:491px; top:432px; font-size:11px;">?</span>
<span style="position:absolute; left:491px; top:441px; font-size:11px;">?</span>
<span style="position:absolute; left:491px; top:451px; font-size:11px;">?</span>
<span style="position:absolute; left:491px; top:460px; font-size:11px;">?</span>
<span style="position:absolute; left:491px; top:470px; font-size:11px;">?</span>
<span style="position:absolute; border: blue 1px solid; left:508px; top:374px; width:11px; height:153px;"></span>
<span style="position:absolute; left:508px; top:374px; font-size:11px;">?</span>
<span style="position:absolute; left:508px; top:384px; font-size:11px;">?</span>
<span style="position:absolute; left:508px; top:393px; font-size:11px;">?</span>
<span style="position:absolute; left:508px; top:403px; font-size:11px;">?</span>
<span style="position:absolute; left:508px; top:412px; font-size:11px;">?</span>
<span style="position:absolute; left:508px; top:422px; font-size:11px;">?</span>
<span style="position:absolute; left:508px; top:432px; font-size:11px;">?</span>
<span style="position:absolute; left:508px; top:441px; font-size:11px;">?</span>
<span style="position:absolute; left:508px; top:451px; font-size:11px;">?</span>
<span style="position:absolute; left:508px; top:460px; font-size:11px;">?</span>
<span style="position:absolute; left:508px; top:470px; font-size:11px;">?</span>
<span style="position:absolute; left:508px; top:480px; font-size:11px;">?</span>
<span style="position:absolute; left:508px; top:489px; font-size:11px;">?</span>
<span style="position:absolute; left:508px; top:499px; font-size:11px;">?</span>
<span style="position:absolute; left:508px; top:508px; font-size:11px;">?</span>
<span style="position:absolute; left:508px; top:518px; font-size:11px;">?</span>
<span style="position:absolute; border: blue 1px solid; left:524px; top:374px; width:11px; height:115px;"></span>
<span style="position:absolute; left:524px; top:374px; font-size:11px;">?</span>
<span style="position:absolute; left:524px; top:384px; font-size:11px;">?</span>
<span style="position:absolute; left:524px; top:393px; font-size:11px;">?</span>
<span style="position:absolute; left:524px; top:403px; font-size:11px;">?</span>
<span style="position:absolute; left:524px; top:412px; font-size:11px;">?</span>
<span style="position:absolute; left:524px; top:422px; font-size:11px;">?</span>
<span style="position:absolute; left:524px; top:432px; font-size:11px;">?</span>
<span style="position:absolute; left:524px; top:441px; font-size:11px;">?</span>
<span style="position:absolute; left:524px; top:451px; font-size:11px;">?</span>
<span style="position:absolute; left:524px; top:460px; font-size:11px;">?</span>
<span style="position:absolute; left:524px; top:470px; font-size:11px;">?</span>
<span style="position:absolute; left:524px; top:480px; font-size:11px;">?</span>
<span style="position:absolute; border: blue 1px solid; left:541px; top:374px; width:11px; height:153px;"></span>
<span style="position:absolute; left:541px; top:374px; font-size:11px;">?</span>
<span style="position:absolute; left:541px; top:384px; font-size:11px;">?</span>
<span style="position:absolute; left:541px; top:393px; font-size:11px;">?</span>
<span style="position:absolute; left:541px; top:403px; font-size:11px;">?</span>
<span style="position:absolute; left:541px; top:412px; font-size:11px;">?</span>
<span style="position:absolute; left:541px; top:422px; font-size:11px;">?</span>
<span style="position:absolute; left:541px; top:432px; font-size:11px;">?</span>
<span style="position:absolute; left:541px; top:441px; font-size:11px;">?</span>
<span style="position:absolute; left:541px; top:451px; font-size:11px;">?</span>
<span style="position:absolute; left:541px; top:460px; font-size:11px;">?</span>
<span style="position:absolute; left:541px; top:470px; font-size:11px;">?</span>
<span style="position:absolute; left:541px; top:480px; font-size:11px;">?</span>
<span style="position:absolute; left:541px; top:489px; font-size:11px;">?</span>
<span style="position:absolute; left:541px; top:499px; font-size:11px;">?</span>
<span style="position:absolute; left:541px; top:508px; font-size:11px;">?</span>
<span style="position:absolute; left:541px; top:518px; font-size:11px;">?</span>
<span style="position:absolute; border: blue 1px solid; left:558px; top:374px; width:11px; height:143px;"></span>
<span style="position:absolute; left:558px; top:374px; font-size:11px;">?</span>
<span style="position:absolute; left:558px; top:384px; font-size:11px;">?</span>
<span style="position:absolute; left:558px; top:393px; font-size:11px;">?</span>
<span style="position:absolute; left:558px; top:403px; font-size:11px;">?</span>
<span style="position:absolute; left:558px; top:412px; font-size:11px;">?</span>
<span style="position:absolute; left:558px; top:422px; font-size:11px;">?</span>
<span style="position:absolute; left:558px; top:432px; font-size:11px;">?</span>
<span style="position:absolute; left:558px; top:441px; font-size:11px;">?</span>
<span style="position:absolute; left:558px; top:451px; font-size:11px;">?</span>
<span style="position:absolute; left:558px; top:460px; font-size:11px;">?</span>
<span style="position:absolute; left:558px; top:470px; font-size:11px;">?</span>
<span style="position:absolute; left:558px; top:480px; font-size:11px;">?</span>
<span style="position:absolute; left:558px; top:489px; font-size:11px;">?</span>
<span style="position:absolute; left:558px; top:499px; font-size:11px;">?</span>
<span style="position:absolute; left:558px; top:508px; font-size:11px;">?</span>
<span style="position:absolute; border: blue 1px solid; left:575px; top:374px; width:11px; height:172px;"></span>
<span style="position:absolute; left:575px; top:374px; font-size:11px;">?</span>
<span style="position:absolute; left:575px; top:384px; font-size:11px;">?</span>
<span style="position:absolute; left:575px; top:393px; font-size:11px;">?</span>
<span style="position:absolute; left:575px; top:403px; font-size:11px;">?</span>
<span style="position:absolute; left:575px; top:412px; font-size:11px;">?</span>
<span style="position:absolute; left:575px; top:422px; font-size:11px;">?</span>
<span style="position:absolute; left:575px; top:432px; font-size:11px;">?</span>
<span style="position:absolute; left:575px; top:441px; font-size:11px;">?</span>
<span style="position:absolute; left:575px; top:451px; font-size:11px;">?</span>
<span style="position:absolute; left:575px; top:460px; font-size:11px;">?</span>
<span style="position:absolute; left:575px; top:470px; font-size:11px;">?</span>
<span style="position:absolute; left:575px; top:480px; font-size:11px;">?</span>
<span style="position:absolute; left:575px; top:489px; font-size:11px;">?</span>
<span style="position:absolute; left:575px; top:499px; font-size:11px;">?</span>
<span style="position:absolute; left:575px; top:508px; font-size:11px;">?</span>
<span style="position:absolute; left:575px; top:518px; font-size:11px;">?</span>
<span style="position:absolute; left:575px; top:527px; font-size:11px;">?</span>
<span style="position:absolute; left:575px; top:537px; font-size:11px;">?</span>
<span style="position:absolute; border: blue 1px solid; left:592px; top:374px; width:11px; height:172px;"></span>
<span style="position:absolute; left:592px; top:374px; font-size:11px;">?</span>
<span style="position:absolute; left:592px; top:384px; font-size:11px;">?</span>
<span style="position:absolute; left:592px; top:393px; font-size:11px;">?</span>
<span style="position:absolute; left:592px; top:403px; font-size:11px;">?</span>
<span style="position:absolute; left:592px; top:412px; font-size:11px;">?</span>
<span style="position:absolute; left:592px; top:422px; font-size:11px;">?</span>
<span style="position:absolute; left:592px; top:432px; font-size:11px;">?</span>
<span style="position:absolute; left:592px; top:441px; font-size:11px;">?</span>
<span style="position:absolute; left:592px; top:451px; font-size:11px;">?</span>
<span style="position:absolute; left:592px; top:460px; font-size:11px;">?</span>
<span style="position:absolute; left:592px; top:470px; font-size:11px;">?</span>
<span style="position:absolute; left:592px; top:480px; font-size:11px;">?</span>
<span style="position:absolute; left:592px; top:489px; font-size:11px;">?</span>
<span style="position:absolute; left:592px; top:499px; font-size:11px;">?</span>
<span style="position:absolute; left:592px; top:508px; font-size:11px;">?</span>
<span style="position:absolute; left:592px; top:518px; font-size:11px;">?</span>
<span style="position:absolute; left:592px; top:527px; font-size:11px;">?</span>
<span style="position:absolute; left:592px; top:537px; font-size:11px;">?</span>
<span style="position:absolute; border: blue 1px solid; left:609px; top:374px; width:11px; height:143px;"></span>
<span style="position:absolute; left:609px; top:374px; font-size:11px;">?</span>
<span style="position:absolute; left:609px; top:384px; font-size:11px;">?</span>
<span style="position:absolute; left:609px; top:393px; font-size:11px;">?</span>
<span style="position:absolute; left:609px; top:403px; font-size:11px;">?</span>
<span style="position:absolute; left:609px; top:412px; font-size:11px;">?</span>
<span style="position:absolute; left:609px; top:422px; font-size:11px;">?</span>
<span style="position:absolute; left:609px; top:432px; font-size:11px;">?</span>
<span style="position:absolute; left:609px; top:441px; font-size:11px;">?</span>
<span style="position:absolute; left:609px; top:451px; font-size:11px;">?</span>
<span style="position:absolute; left:609px; top:460px; font-size:11px;">?</span>
<span style="position:absolute; left:609px; top:470px; font-size:11px;">?</span>
<span style="position:absolute; left:609px; top:480px; font-size:11px;">?</span>
<span style="position:absolute; left:609px; top:489px; font-size:11px;">?</span>
<span style="position:absolute; left:609px; top:499px; font-size:11px;">?</span>
<span style="position:absolute; left:609px; top:508px; font-size:11px;">?</span>
<span style="position:absolute; border: blue 1px solid; left:626px; top:374px; width:11px; height:134px;"></span>
<span style="position:absolute; left:626px; top:374px; font-size:11px;">?</span>
<span style="position:absolute; left:626px; top:384px; font-size:11px;">?</span>
<span style="position:absolute; left:626px; top:393px; font-size:11px;">?</span>
<span style="position:absolute; left:626px; top:403px; font-size:11px;">?</span>
<span style="position:absolute; left:626px; top:412px; font-size:11px;">?</span>
<span style="position:absolute; left:626px; top:422px; font-size:11px;">?</span>
<span style="position:absolute; left:626px; top:432px; font-size:11px;">?</span>
<span style="position:absolute; left:626px; top:441px; font-size:11px;">?</span>
<span style="position:absolute; left:626px; top:451px; font-size:11px;">?</span>
<span style="position:absolute; left:626px; top:460px; font-size:11px;">?</span>
<span style="position:absolute; left:626px; top:470px; font-size:11px;">?</span>
<span style="position:absolute; left:626px; top:480px; font-size:11px;">?</span>
<span style="position:absolute; left:626px; top:489px; font-size:11px;">?</span>
<span style="position:absolute; left:626px; top:499px; font-size:11px;">?</span>
<span style="position:absolute; border: blue 1px solid; left:74px; top:471px; width:11px; height:143px;"></span>
<span style="position:absolute; left:74px; top:471px; font-size:11px;">?</span>
<span style="position:absolute; left:74px; top:481px; font-size:11px;">?</span>
<span style="position:absolute; left:74px; top:490px; font-size:11px;">?</span>
<span style="position:absolute; left:74px; top:500px; font-size:11px;">?</span>
<span style="position:absolute; left:74px; top:509px; font-size:11px;">?</span>
<span style="position:absolute; left:74px; top:519px; font-size:11px;">?</span>
<span style="position:absolute; left:74px; top:529px; font-size:11px;">?</span>
<span style="position:absolute; left:74px; top:538px; font-size:11px;">?</span>
<span style="position:absolute; left:74px; top:548px; font-size:11px;">?</span>
<span style="position:absolute; left:74px; top:557px; font-size:11px;">?</span>
<span style="position:absolute; left:74px; top:567px; font-size:11px;">?</span>
<span style="position:absolute; left:74px; top:576px; font-size:11px;">?</span>
<span style="position:absolute; left:74px; top:586px; font-size:11px;">?</span>
<span style="position:absolute; left:74px; top:596px; font-size:11px;">?</span>
<span style="position:absolute; left:74px; top:605px; font-size:11px;">?</span>
<span style="position:absolute; border: blue 1px solid; left:715px; top:114px; width:11px; height:28px;"></span>
<span style="position:absolute; left:715px; top:114px; font-size:11px;">?</span>
<span style="position:absolute; left:715px; top:124px; font-size:11px;">?</span>
<span style="position:absolute; left:715px; top:133px; font-size:11px;">?</span>
<span style="position:absolute; border: blue 1px solid; left:715px; top:374px; width:11px; height:9px;"></span>
<span style="position:absolute; left:715px; top:374px; font-size:11px;">?</span>
<span style="position:absolute; border: red 1px solid; left:74px; top:105px; width:652px; height:510px;"></span>
<span style="position:absolute; border: red 1px solid; left:74px; top:105px; width:596px; height:510px;"></span>
<span style="position:absolute; border: red 1px solid; left:168px; top:105px; width:502px; height:394px;"></span>
<span style="position:absolute; border: red 1px solid; left:168px; top:105px; width:147px; height:394px;"></span>
<span style="position:absolute; border: red 1px solid; left:168px; top:105px; width:28px; height:288px;"></span>
<span style="position:absolute; border: red 1px solid; left:168px; top:105px; width:12px; height:288px;"></span>
<span style="position:absolute; border: red 1px solid; left:304px; top:105px; width:12px; height:394px;"></span>
<span style="position:absolute; border: red 1px solid; left:202px; top:105px; width:469px; height:182px;"></span>
<span style="position:absolute; border: red 1px solid; left:202px; top:105px; width:130px; height:182px;"></span>
<span style="position:absolute; border: red 1px solid; left:202px; top:105px; width:96px; height:182px;"></span>
<span style="position:absolute; border: red 1px solid; left:202px; top:105px; width:45px; height:182px;"></span>
<span style="position:absolute; border: red 1px solid; left:202px; top:105px; width:28px; height:182px;"></span>
<span style="position:absolute; border: red 1px solid; left:253px; top:105px; width:45px; height:182px;"></span>
<span style="position:absolute; border: red 1px solid; left:270px; top:105px; width:28px; height:182px;"></span>
<span style="position:absolute; border: red 1px solid; left:338px; top:105px; width:333px; height:172px;"></span>
<span style="position:absolute; border: red 1px solid; left:338px; top:105px; width:333px; height:143px;"></span>
<span style="position:absolute; border: red 1px solid; left:338px; top:105px; width:164px; height:134px;"></span>
<span style="position:absolute; border: red 1px solid; left:338px; top:105px; width:96px; height:134px;"></span>
<span style="position:absolute; border: red 1px solid; left:354px; top:105px; width:79px; height:134px;"></span>
<span style="position:absolute; border: red 1px solid; left:354px; top:105px; width:62px; height:134px;"></span>
<span style="position:absolute; border: red 1px solid; left:354px; top:105px; width:45px; height:134px;"></span>
<span style="position:absolute; border: red 1px solid; left:354px; top:105px; width:28px; height:134px;"></span>
<span style="position:absolute; border: red 1px solid; left:439px; top:105px; width:62px; height:105px;"></span>
<span style="position:absolute; border: red 1px solid; left:439px; top:105px; width:45px; height:105px;"></span>
<span style="position:absolute; border: red 1px solid; left:439px; top:105px; width:28px; height:105px;"></span>
<span style="position:absolute; border: red 1px solid; left:524px; top:105px; width:147px; height:143px;"></span>
<span style="position:absolute; border: red 1px solid; left:524px; top:105px; width:28px; height:95px;"></span>
<span style="position:absolute; border: red 1px solid; left:558px; top:105px; width:113px; height:143px;"></span>
<span style="position:absolute; border: red 1px solid; left:558px; top:105px; width:62px; height:143px;"></span>
<span style="position:absolute; border: red 1px solid; left:558px; top:105px; width:45px; height:143px;"></span>
<span style="position:absolute; border: red 1px solid; left:558px; top:105px; width:28px; height:143px;"></span>
<span style="position:absolute; border: red 1px solid; left:625px; top:105px; width:45px; height:115px;"></span>
<span style="position:absolute; border: red 1px solid; left:642px; top:105px; width:28px; height:115px;"></span>
<span style="position:absolute; border: red 1px solid; left:74px; top:374px; width:563px; height:240px;"></span>
<span style="position:absolute; border: red 1px solid; left:101px; top:374px; width:536px; height:191px;"></span>
<span style="position:absolute; border: red 1px solid; left:101px; top:374px; width:147px; height:143px;"></span>
<span style="position:absolute; border: red 1px solid; left:101px; top:374px; width:62px; height:143px;"></span>
<span style="position:absolute; border: red 1px solid; left:118px; top:374px; width:45px; height:143px;"></span>
<span style="position:absolute; border: red 1px solid; left:118px; top:374px; width:28px; height:143px;"></span>
<span style="position:absolute; border: red 1px solid; left:186px; top:374px; width:62px; height:124px;"></span>
<span style="position:absolute; border: red 1px solid; left:186px; top:374px; width:28px; height:115px;"></span>
<span style="position:absolute; border: red 1px solid; left:220px; top:374px; width:28px; height:124px;"></span>
<span style="position:absolute; border: red 1px solid; left:253px; top:374px; width:384px; height:191px;"></span>
<span style="position:absolute; border: red 1px solid; left:253px; top:374px; width:45px; height:191px;"></span>
<span style="position:absolute; border: red 1px solid; left:270px; top:374px; width:28px; height:191px;"></span>
<span style="position:absolute; border: red 1px solid; left:321px; top:374px; width:316px; height:182px;"></span>
<span style="position:absolute; border: red 1px solid; left:321px; top:374px; width:130px; height:182px;"></span>
<span style="position:absolute; border: red 1px solid; left:321px; top:374px; width:96px; height:172px;"></span>
<span style="position:absolute; border: red 1px solid; left:321px; top:374px; width:62px; height:172px;"></span>
<span style="position:absolute; border: red 1px solid; left:321px; top:374px; width:28px; height:172px;"></span>
<span style="position:absolute; border: red 1px solid; left:355px; top:374px; width:28px; height:172px;"></span>
<span style="position:absolute; border: red 1px solid; left:389px; top:374px; width:28px; height:153px;"></span>
<span style="position:absolute; border: red 1px solid; left:423px; top:374px; width:28px; height:182px;"></span>
<span style="position:absolute; border: red 1px solid; left:457px; top:374px; width:181px; height:172px;"></span>
<span style="position:absolute; border: red 1px solid; left:457px; top:374px; width:113px; height:153px;"></span>
<span style="position:absolute; border: red 1px solid; left:457px; top:374px; width:45px; height:153px;"></span>
<span style="position:absolute; border: red 1px solid; left:457px; top:374px; width:28px; height:153px;"></span>
<span style="position:absolute; border: red 1px solid; left:508px; top:374px; width:62px; height:153px;"></span>
<span style="position:absolute; border: red 1px solid; left:508px; top:374px; width:28px; height:153px;"></span>
<span style="position:absolute; border: red 1px solid; left:541px; top:374px; width:28px; height:153px;"></span>
<span style="position:absolute; border: red 1px solid; left:575px; top:374px; width:62px; height:172px;"></span>
<span style="position:absolute; border: red 1px solid; left:575px; top:374px; width:28px; height:172px;"></span>
<span style="position:absolute; border: red 1px solid; left:609px; top:374px; width:28px; height:143px;"></span>
<span style="position:absolute; border: red 1px solid; left:715px; top:114px; width:11px; height:269px;"></span>
<div style="position:absolute; top:0px;">Page: <a href="#1">1</a></div>
</body></html>
