<html><head>
<meta http-equiv="Content-Type" content="text/html; charset=utf-8">
</head><body>
<span style="position:absolute; border: gray 1px solid; left:0px; top:50px; width:792px; height:612px;"></span>
<div style="position:absolute; top:50px;"><a name="1">Page 1</a></div>
<span style="position:absolute; border: blue 1px solid; left:715px; top:114px; width:11px; height:28px;"></span>
<span style="position:absolute; left:715px; top:114px; font-size:11px;">　</span>
<span style="position:absolute; left:715px; top:124px; font-size:11px;">　</span>
<span style="position:absolute; left:715px; top:133px; font-size:11px;">序</span>
<span style="position:absolute; border: blue 1px solid; left:715px; top:374px; width:11px; height:9px;"></span>
<span style="position:absolute; left:715px; top:374px; font-size:11px;">　</span>
<span style="position:absolute; border: blue 1px solid; left:168px; top:105px; width:502px; height:210px;"></span>
<span style="position:absolute; left:659px; top:105px; font-size:11px;">わ</span>
<span style="position:absolute; left:659px; top:114px; font-size:11px;">た</span>
<span style="position:absolute; left:659px; top:124px; font-size:11px;">く</span>
<span style="position:absolute; left:659px; top:133px; font-size:11px;">し</span>
<span style="position:absolute; left:659px; top:143px; font-size:11px;">と</span>
<span style="position:absolute; left:659px; top:153px; font-size:11px;">い</span>
<span style="position:absolute; left:659px; top:162px; font-size:11px;">ふ</span>
<span style="position:absolute; left:659px; top:172px; font-size:11px;">現</span>
<span style="position:absolute; left:659px; top:181px; font-size:11px;">象</span>
<span style="position:absolute; left:659px; top:191px; font-size:11px;">は</span>
<span style="position:absolute; left:642px; top:105px; font-size:11px;">假</span>
<span style="position:absolute; left:642px; top:114px; font-size:11px;">定</span>
<span style="position:absolute; left:642px; top:124px; font-size:11px;">さ</span>
<span style="position:absolute; left:642px; top:133px; font-size:11px;">れ</span>
<span style="position:absolute; left:642px; top:143px; font-size:11px;">た</span>
<span style="position:absolute; left:642px; top:153px; font-size:11px;">有</span>
<span style="position:absolute; left:642px; top:162px; font-size:11px;">機</span>
<span style="position:absolute; left:642px; top:172px; font-size:11px;">交</span>
<span style="position:absolute; left:642px; top:181px; font-size:11px;">流</span>
<span style="position:absolute; left:642px; top:191px; font-size:11px;">電</span>
<span style="position:absolute; left:642px; top:200px; font-size:11px;">燈</span>
<span style="position:absolute; left:642px; top:210px; font-size:11px;">の</span>
<span style="position:absolute; left:625px; top:105px; font-size:11px;">ひ</span>
<span style="position:absolute; left:625px; top:114px; font-size:11px;">と</span>
<span style="position:absolute; left:625px; top:124px; font-size:11px;">つ</span>
<span style="position:absolute; left:625px; top:133px; font-size:11px;">の</span>
<span style="position:absolute; left:625px; top:143px; font-size:11px;">青</span>
<span style="position:absolute; left:625px; top:153px; font-size:11px;">い</span>
<span style="position:absolute; left:625px; top:162px; font-size:11px;">照</span>
<span style="position:absolute; left:625px; top:172px; font-size:11px;">明</span>
<span style="position:absolute; left:625px; top:181px; font-size:11px;">で</span>
<span style="position:absolute; left:625px; top:191px; font-size:11px;">す</span>
<span style="position:absolute; left:609px; top:105px; font-size:11px;">（</span>
<span style="position:absolute; left:609px; top:114px; font-size:11px;">あ</span>
<span style="position:absolute; left:609px; top:124px; font-size:11px;">ら</span>
<span style="position:absolute; left:609px; top:133px; font-size:11px;">ゆ</span>
<span style="position:absolute; left:609px; top:143px; font-size:11px;">る</span>
<span style="position:absolute; left:609px; top:153px; font-size:11px;">透</span>
<span style="position:absolute; left:609px; top:162px; font-size:11px;">明</span>
<span style="position:absolute; left:609px; top:172px; font-size:11px;">な</span>
<span style="position:absolute; left:609px; top:181px; font-size:11px;">幽</span>
<span style="position:absolute; left:609px; top:191px; font-size:11px;">霊</span>
<span style="position:absolute; left:609px; top:200px; font-size:11px;">の</span>
<span style="position:absolute; left:609px; top:210px; font-size:11px;">複</span>
<span style="position:absolute; left:609px; top:220px; font-size:11px;">合</span>
<span style="position:absolute; left:609px; top:229px; font-size:11px;">体</span>
<span style="position:absolute; left:609px; top:239px; font-size:11px;">）</span>
<span style="position:absolute; left:592px; top:105px; font-size:11px;">風</span>
<span style="position:absolute; left:592px; top:114px; font-size:11px;">景</span>
<span style="position:absolute; left:592px; top:124px; font-size:11px;">や</span>
<span style="position:absolute; left:592px; top:133px; font-size:11px;">み</span>
<span style="position:absolute; left:592px; top:143px; font-size:11px;">ん</span>
<span style="position:absolute; left:592px; top:153px; font-size:11px;">な</span>
<span style="position:absolute; left:592px; top:162px; font-size:11px;">と</span>
<span style="position:absolute; left:592px; top:172px; font-size:11px;">い</span>
<span style="position:absolute; left:592px; top:181px; font-size:11px;">っ</span>
<span style="position:absolute; left:592px; top:191px; font-size:11px;">し</span>
<span style="position:absolute; left:592px; top:200px; font-size:11px;">ょ</span>
<span style="position:absolute; left:592px; top:210px; font-size:11px;">に</span>
<span style="position:absolute; left:575px; top:105px; font-size:11px;">せ</span>
<span style="position:absolute; left:575px; top:114px; font-size:11px;">は</span>
<span style="position:absolute; left:575px; top:124px; font-size:11px;">し</span>
<span style="position:absolute; left:575px; top:133px; font-size:11px;">く</span>
<span style="position:absolute; left:575px; top:143px; font-size:11px;">せ</span>
<span style="position:absolute; left:575px; top:153px; font-size:11px;">は</span>
<span style="position:absolute; left:575px; top:162px; font-size:11px;">し</span>
<span style="position:absolute; left:575px; top:172px; font-size:11px;">く</span>
<span style="position:absolute; left:575px; top:181px; font-size:11px;">明</span>
<span style="position:absolute; left:575px; top:191px; font-size:11px;">滅</span>
<span style="position:absolute; left:575px; top:200px; font-size:11px;">し</span>
<span style="position:absolute; left:575px; top:210px; font-size:11px;">な</span>
<span style="position:absolute; left:575px; top:220px; font-size:11px;">が</span>
<span style="position:absolute; left:575px; top:229px; font-size:11px;">ら</span>
<span style="position:absolute; left:558px; top:105px; font-size:11px;">い</span>
<span style="position:absolute; left:558px; top:114px; font-size:11px;">か</span>
<span style="position:absolute; left:558px; top:124px; font-size:11px;">に</span>
<span style="position:absolute; left:558px; top:133px; font-size:11px;">も</span>
<span style="position:absolute; left:558px; top:143px; font-size:11px;">た</span>
<span style="position:absolute; left:558px; top:153px; font-size:11px;">し</span>
<span style="position:absolute; left:558px; top:162px; font-size:11px;">か</span>
<span style="position:absolute; left:558px; top:172px; font-size:11px;">に</span>
<span style="position:absolute; left:558px; top:181px; font-size:11px;">と</span>
<span style="position:absolute; left:558px; top:191px; font-size:11px;">も</span>
<span style="position:absolute; left:558px; top:200px; font-size:11px;">り</span>
<span style="position:absolute; left:558px; top:210px; font-size:11px;">つ</span>
<span style="position:absolute; left:558px; top:220px; font-size:11px;">づ</span>
<span style="position:absolute; left:558px; top:229px; font-size:11px;">け</span>
<span style="position:absolute; left:558px; top:239px; font-size:11px;">る</span>
<span style="position:absolute; left:541px; top:105px; font-size:11px;">因</span>
<span style="position:absolute; left:541px; top:114px; font-size:11px;">果</span>
<span style="position:absolute; left:541px; top:124px; font-size:11px;">交</span>
<span style="position:absolute; left:541px; top:133px; font-size:11px;">流</span>
<span style="position:absolute; left:541px; top:143px; font-size:11px;">電</span>
<span style="position:absolute; left:541px; top:153px; font-size:11px;">燈</span>
<span style="position:absolute; left:541px; top:162px; font-size:11px;">の</span>
<span style="position:absolute; left:524px; top:105px; font-size:11px;">ひ</span>
<span style="position:absolute; left:524px; top:114px; font-size:11px;">と</span>
<span style="position:absolute; left:524px; top:124px; font-size:11px;">つ</span>
<span style="position:absolute; left:524px; top:133px; font-size:11px;">の</span>
<span style="position:absolute; left:524px; top:143px; font-size:11px;">青</span>
<span style="position:absolute; left:524px; top:153px; font-size:11px;">い</span>
<span style="position:absolute; left:524px; top:162px; font-size:11px;">照</span>
<span style="position:absolute; left:524px; top:172px; font-size:11px;">明</span>
<span style="position:absolute; left:524px; top:181px; font-size:11px;">で</span>
<span style="position:absolute; left:524px; top:191px; font-size:11px;">す</span>
<span style="position:absolute; left:507px; top:105px; font-size:11px;">（</span>
<span style="position:absolute; left:507px; top:114px; font-size:11px;">ひ</span>
<span style="position:absolute; left:507px; top:124px; font-size:11px;">か</span>
<span style="position:absolute; left:507px; top:133px; font-size:11px;">り</span>
<span style="position:absolute; left:507px; top:143px; font-size:11px;">は</span>
<span style="position:absolute; left:507px; top:153px; font-size:11px;">た</span>
<span style="position:absolute; left:507px; top:162px; font-size:11px;">も</span>
<span style="position:absolute; left:507px; top:172px; font-size:11px;">ち</span>
<span style="position:absolute; left:507px; top:181px; font-size:11px;">、</span>
<span style="position:absolute; left:507px; top:191px; font-size:11px;">そ</span>
<span style="position:absolute; left:507px; top:200px; font-size:11px;">の</span>
<span style="position:absolute; left:507px; top:210px; font-size:11px;">電</span>
<span style="position:absolute; left:507px; top:220px; font-size:11px;">燈</span>
<span style="position:absolute; left:507px; top:229px; font-size:11px;">は</span>
<span style="position:absolute; left:507px; top:239px; font-size:11px;">失</span>
<span style="position:absolute; left:507px; top:248px; font-size:11px;">は</span>
<span style="position:absolute; left:507px; top:258px; font-size:11px;">れ</span>
<span style="position:absolute; left:507px; top:268px; font-size:11px;">）</span>
<span style="position:absolute; left:490px; top:105px; font-size:11px;">　</span>
<span style="position:absolute; left:490px; top:114px; font-size:11px;">　</span>
<span style="position:absolute; left:473px; top:105px; font-size:11px;">こ</span>
<span style="position:absolute; left:473px; top:114px; font-size:11px;">れ</span>
<span style="position:absolute; left:473px; top:124px; font-size:11px;">ら</span>
<span style="position:absolute; left:473px; top:133px; font-size:11px;">は</span>
<span style="position:absolute; left:473px; top:143px; font-size:11px;">二</span>
<span style="position:absolute; left:473px; top:153px; font-size:11px;">十</span>
<span style="position:absolute; left:473px; top:162px; font-size:11px;">二</span>
<span style="position:absolute; left:473px; top:172px; font-size:11px;">箇</span>
<span style="position:absolute; left:473px; top:181px; font-size:11px;">月</span>
<span style="position:absolute; left:473px; top:191px; font-size:11px;">の</span>
<span style="position:absolute; left:456px; top:105px; font-size:11px;">過</span>
<span style="position:absolute; left:456px; top:114px; font-size:11px;">去</span>
<span style="position:absolute; left:456px; top:124px; font-size:11px;">と</span>
<span style="position:absolute; left:456px; top:133px; font-size:11px;">か</span>
<span style="position:absolute; left:456px; top:143px; font-size:11px;">ん</span>
<span style="position:absolute; left:456px; top:153px; font-size:11px;">ず</span>
<span style="position:absolute; left:456px; top:162px; font-size:11px;">る</span>
<span style="position:absolute; left:456px; top:172px; font-size:11px;">方</span>
<span style="position:absolute; left:456px; top:181px; font-size:11px;">角</span>
<span style="position:absolute; left:456px; top:191px; font-size:11px;">か</span>
<span style="position:absolute; left:456px; top:200px; font-size:11px;">ら</span>
<span style="position:absolute; left:439px; top:105px; font-size:11px;">紙</span>
<span style="position:absolute; left:439px; top:114px; font-size:11px;">と</span>
<span style="position:absolute; left:439px; top:124px; font-size:11px;">鑛</span>
<span style="position:absolute; left:439px; top:133px; font-size:11px;">質</span>
<span style="position:absolute; left:439px; top:143px; font-size:11px;">イ</span>
<span style="position:absolute; left:439px; top:153px; font-size:11px;">ン</span>
<span style="position:absolute; left:439px; top:162px; font-size:11px;">ク</span>
<span style="position:absolute; left:439px; top:172px; font-size:11px;">を</span>
<span style="position:absolute; left:439px; top:181px; font-size:11px;">つ</span>
<span style="position:absolute; left:439px; top:191px; font-size:11px;">ら</span>
<span style="position:absolute; left:439px; top:200px; font-size:11px;">ね</span>
<span style="position:absolute; left:422px; top:105px; font-size:11px;">（</span>
<span style="position:absolute; left:422px; top:114px; font-size:11px;">す</span>
<span style="position:absolute; left:422px; top:124px; font-size:11px;">べ</span>
<span style="position:absolute; left:422px; top:133px; font-size:11px;">て</span>
<span style="position:absolute; left:422px; top:143px; font-size:11px;">わ</span>
<span style="position:absolute; left:422px; top:153px; font-size:11px;">た</span>
<span style="position:absolute; left:422px; top:162px; font-size:11px;">く</span>
<span style="position:absolute; left:422px; top:172px; font-size:11px;">し</span>
<span style="position:absolute; left:422px; top:181px; font-size:11px;">と</span>
<span style="position:absolute; left:422px; top:191px; font-size:11px;">明</span>
<span style="position:absolute; left:422px; top:200px; font-size:11px;">滅</span>
<span style="position:absolute; left:422px; top:210px; font-size:11px;">し</span>
<span style="position:absolute; left:405px; top:105px; font-size:11px;">　</span>
<span style="position:absolute; left:405px; top:114px; font-size:11px;">み</span>
<span style="position:absolute; left:405px; top:124px; font-size:11px;">ん</span>
<span style="position:absolute; left:405px; top:133px; font-size:11px;">な</span>
<span style="position:absolute; left:405px; top:143px; font-size:11px;">が</span>
<span style="position:absolute; left:405px; top:153px; font-size:11px;">同</span>
<span style="position:absolute; left:405px; top:162px; font-size:11px;">時</span>
<span style="position:absolute; left:405px; top:172px; font-size:11px;">に</span>
<span style="position:absolute; left:405px; top:181px; font-size:11px;">感</span>
<span style="position:absolute; left:405px; top:191px; font-size:11px;">ず</span>
<span style="position:absolute; left:405px; top:200px; font-size:11px;">る</span>
<span style="position:absolute; left:405px; top:210px; font-size:11px;">も</span>
<span style="position:absolute; left:405px; top:220px; font-size:11px;">の</span>
<span style="position:absolute; left:405px; top:229px; font-size:11px;">）</span>
<span style="position:absolute; left:388px; top:105px; font-size:11px;">こ</span>
<span style="position:absolute; left:388px; top:114px; font-size:11px;">こ</span>
<span style="position:absolute; left:388px; top:124px; font-size:11px;">ま</span>
<span style="position:absolute; left:388px; top:133px; font-size:11px;">で</span>
<span style="position:absolute; left:388px; top:143px; font-size:11px;">た</span>
<span style="position:absolute; left:388px; top:153px; font-size:11px;">も</span>
<span style="position:absolute; left:388px; top:162px; font-size:11px;">ち</span>
<span style="position:absolute; left:388px; top:172px; font-size:11px;">つ</span>
<span style="position:absolute; left:388px; top:181px; font-size:11px;">ゞ</span>
<span style="position:absolute; left:388px; top:191px; font-size:11px;">け</span>
<span style="position:absolute; left:388px; top:200px; font-size:11px;">ら</span>
<span style="position:absolute; left:388px; top:210px; font-size:11px;">れ</span>
<span style="position:absolute; left:388px; top:220px; font-size:11px;">た</span>
<span style="position:absolute; left:371px; top:105px; font-size:11px;">か</span>
<span style="position:absolute; left:371px; top:114px; font-size:11px;">げ</span>
<span style="position:absolute; left:371px; top:124px; font-size:11px;">と</span>
<span style="position:absolute; left:371px; top:133px; font-size:11px;">ひ</span>
<span style="position:absolute; left:371px; top:143px; font-size:11px;">か</span>
<span style="position:absolute; left:371px; top:153px; font-size:11px;">り</span>
<span style="position:absolute; left:371px; top:162px; font-size:11px;">の</span>
<span style="position:absolute; left:371px; top:172px; font-size:11px;">ひ</span>
<span style="position:absolute; left:371px; top:181px; font-size:11px;">と</span>
<span style="position:absolute; left:371px; top:191px; font-size:11px;">く</span>
<span style="position:absolute; left:371px; top:200px; font-size:11px;">さ</span>
<span style="position:absolute; left:371px; top:210px; font-size:11px;">り</span>
<span style="position:absolute; left:371px; top:220px; font-size:11px;">づ</span>
<span style="position:absolute; left:371px; top:229px; font-size:11px;">つ</span>
<span style="position:absolute; left:354px; top:105px; font-size:11px;">そ</span>
<span style="position:absolute; left:354px; top:114px; font-size:11px;">の</span>
<span style="position:absolute; left:354px; top:124px; font-size:11px;">と</span>
<span style="position:absolute; left:354px; top:133px; font-size:11px;">ほ</span>
<span style="position:absolute; left:354px; top:143px; font-size:11px;">り</span>
<span style="position:absolute; left:354px; top:153px; font-size:11px;">の</span>
<span style="position:absolute; left:354px; top:162px; font-size:11px;">心</span>
<span style="position:absolute; left:354px; top:172px; font-size:11px;">象</span>
<span style="position:absolute; left:354px; top:181px; font-size:11px;">ス</span>
<span style="position:absolute; left:354px; top:191px; font-size:11px;">ケ</span>
<span style="position:absolute; left:354px; top:200px; font-size:11px;">ッ</span>
<span style="position:absolute; left:354px; top:210px; font-size:11px;">チ</span>
<span style="position:absolute; left:354px; top:220px; font-size:11px;">で</span>
<span style="position:absolute; left:354px; top:229px; font-size:11px;">す</span>
<span style="position:absolute; left:338px; top:105px; font-size:11px;">　</span>
<span style="position:absolute; left:338px; top:114px; font-size:11px;">　</span>
<span style="position:absolute; left:321px; top:105px; font-size:11px;">こ</span>
<span style="position:absolute; left:321px; top:114px; font-size:11px;">れ</span>
<span style="position:absolute; left:321px; top:124px; font-size:11px;">ら</span>
<span style="position:absolute; left:321px; top:133px; font-size:11px;">に</span>
<span style="position:absolute; left:321px; top:143px; font-size:11px;">つ</span>
<span style="position:absolute; left:321px; top:153px; font-size:11px;">い</span>
<span style="position:absolute; left:321px; top:162px; font-size:11px;">て</span>
<span style="position:absolute; left:321px; top:172px; font-size:11px;">人</span>
<span style="position:absolute; left:321px; top:181px; font-size:11px;">や</span>
<span style="position:absolute; left:321px; top:191px; font-size:11px;">銀</span>
<span style="position:absolute; left:321px; top:200px; font-size:11px;">河</span>
<span style="position:absolute; left:321px; top:210px; font-size:11px;">や</span>
<span style="position:absolute; left:321px; top:220px; font-size:11px;">修</span>
<span style="position:absolute; left:321px; top:229px; font-size:11px;">羅</span>
<span style="position:absolute; left:321px; top:239px; font-size:11px;">や</span>
<span style="position:absolute; left:321px; top:248px; font-size:11px;">海</span>
<span style="position:absolute; left:321px; top:258px; font-size:11px;">膽</span>
<span style="position:absolute; left:321px; top:268px; font-size:11px;">は</span>
<span style="position:absolute; left:304px; top:105px; font-size:11px;">宇</span>
<span style="position:absolute; left:304px; top:114px; font-size:11px;">宙</span>
<span style="position:absolute; left:304px; top:124px; font-size:11px;">塵</span>
<span style="position:absolute; left:304px; top:133px; font-size:11px;">を</span>
<span style="position:absolute; left:304px; top:143px; font-size:11px;">た</span>
<span style="position:absolute; left:304px; top:153px; font-size:11px;">べ</span>
<span style="position:absolute; left:304px; top:162px; font-size:11px;">、</span>
<span style="position:absolute; left:304px; top:172px; font-size:11px;">ま</span>
<span style="position:absolute; left:304px; top:181px; font-size:11px;">た</span>
<span style="position:absolute; left:304px; top:191px; font-size:11px;">は</span>
<span style="position:absolute; left:304px; top:200px; font-size:11px;">空</span>
<span style="position:absolute; left:304px; top:210px; font-size:11px;">気</span>
<span style="position:absolute; left:304px; top:220px; font-size:11px;">や</span>
<span style="position:absolute; left:304px; top:229px; font-size:11px;">塩</span>
<span style="position:absolute; left:304px; top:239px; font-size:11px;">水</span>
<span style="position:absolute; left:304px; top:248px; font-size:11px;">を</span>
<span style="position:absolute; left:304px; top:258px; font-size:11px;">呼</span>
<span style="position:absolute; left:304px; top:268px; font-size:11px;">吸</span>
<span style="position:absolute; left:304px; top:277px; font-size:11px;">し</span>
<span style="position:absolute; left:304px; top:287px; font-size:11px;">な</span>
<span style="position:absolute; left:304px; top:296px; font-size:11px;">が</span>
<span style="position:absolute; left:304px; top:306px; font-size:11px;">ら</span>
<span style="position:absolute; left:287px; top:105px; font-size:11px;">そ</span>
<span style="position:absolute; left:287px; top:114px; font-size:11px;">れ</span>
<span style="position:absolute; left:287px; top:124px; font-size:11px;">ぞ</span>
<span style="position:absolute; left:287px; top:133px; font-size:11px;">れ</span>
<span style="position:absolute; left:287px; top:143px; font-size:11px;">新</span>
<span style="position:absolute; left:287px; top:153px; font-size:11px;">鮮</span>
<span style="position:absolute; left:287px; top:162px; font-size:11px;">な</span>
<span style="position:absolute; left:287px; top:172px; font-size:11px;">本</span>
<span style="position:absolute; left:287px; top:181px; font-size:11px;">体</span>
<span style="position:absolute; left:287px; top:191px; font-size:11px;">論</span>
<span style="position:absolute; left:287px; top:200px; font-size:11px;">も</span>
<span style="position:absolute; left:287px; top:210px; font-size:11px;">か</span>
<span style="position:absolute; left:287px; top:220px; font-size:11px;">ん</span>
<span style="position:absolute; left:287px; top:229px; font-size:11px;">が</span>
<span style="position:absolute; left:287px; top:239px; font-size:11px;">へ</span>
<span style="position:absolute; left:287px; top:248px; font-size:11px;">ま</span>
<span style="position:absolute; left:287px; top:258px; font-size:11px;">せ</span>
<span style="position:absolute; left:287px; top:268px; font-size:11px;">う</span>
<span style="position:absolute; left:287px; top:277px; font-size:11px;">が</span>
<span style="position:absolute; left:270px; top:105px; font-size:11px;">そ</span>
<span style="position:absolute; left:270px; top:114px; font-size:11px;">れ</span>
<span style="position:absolute; left:270px; top:124px; font-size:11px;">ら</span>
<span style="position:absolute; left:270px; top:133px; font-size:11px;">も</span>
<span style="position:absolute; left:270px; top:143px; font-size:11px;">畢</span>
<span style="position:absolute; left:270px; top:153px; font-size:11px;">竟</span>
<span style="position:absolute; left:270px; top:162px; font-size:11px;">こ</span>
<span style="position:absolute; left:270px; top:172px; font-size:11px;">ゝ</span>
<span style="position:absolute; left:270px; top:181px; font-size:11px;">ろ</span>
<span style="position:absolute; left:270px; top:191px; font-size:11px;">の</span>
<span style="position:absolute; left:270px; top:200px; font-size:11px;">ひ</span>
<span style="position:absolute; left:270px; top:210px; font-size:11px;">と</span>
<span style="position:absolute; left:270px; top:220px; font-size:11px;">つ</span>
<span style="position:absolute; left:270px; top:229px; font-size:11px;">の</span>
<span style="position:absolute; left:270px; top:239px; font-size:11px;">風</span>
<span style="position:absolute; left:270px; top:248px; font-size:11px;">物</span>
<span style="position:absolute; left:270px; top:258px; font-size:11px;">で</span>
<span style="position:absolute; left:270px; top:268px; font-size:11px;">す</span>
<span style="position:absolute; left:253px; top:105px; font-size:11px;">た</span>
<span style="position:absolute; left:253px; top:114px; font-size:11px;">ゞ</span>
<span style="position:absolute; left:253px; top:124px; font-size:11px;">た</span>
<span style="position:absolute; left:253px; top:133px; font-size:11px;">し</span>
<span style="position:absolute; left:253px; top:143px; font-size:11px;">か</span>
<span style="position:absolute; left:253px; top:153px; font-size:11px;">に</span>
<span style="position:absolute; left:253px; top:162px; font-size:11px;">記</span>
<span style="position:absolute; left:253px; top:172px; font-size:11px;">録</span>
<span style="position:absolute; left:253px; top:181px; font-size:11px;">さ</span>
<span style="position:absolute; left:253px; top:191px; font-size:11px;">れ</span>
<span style="position:absolute; left:253px; top:200px; font-size:11px;">た</span>
<span style="position:absolute; left:253px; top:210px; font-size:11px;">こ</span>
<span style="position:absolute; left:253px; top:220px; font-size:11px;">れ</span>
<span style="position:absolute; left:253px; top:229px; font-size:11px;">ら</span>
<span style="position:absolute; left:253px; top:239px; font-size:11px;">の</span>
<span style="position:absolute; left:253px; top:248px; font-size:11px;">け</span>
<span style="position:absolute; left:253px; top:258px; font-size:11px;">し</span>
<span style="position:absolute; left:253px; top:268px; font-size:11px;">き</span>
<span style="position:absolute; left:253px; top:277px; font-size:11px;">は</span>
<span style="position:absolute; left:236px; top:105px; font-size:11px;">記</span>
<span style="position:absolute; left:236px; top:114px; font-size:11px;">録</span>
<span style="position:absolute; left:236px; top:124px; font-size:11px;">さ</span>
<span style="position:absolute; left:236px; top:133px; font-size:11px;">れ</span>
<span style="position:absolute; left:236px; top:143px; font-size:11px;">た</span>
<span style="position:absolute; left:236px; top:153px; font-size:11px;">そ</span>
<span style="position:absolute; left:236px; top:162px; font-size:11px;">の</span>
<span style="position:absolute; left:236px; top:172px; font-size:11px;">と</span>
<span style="position:absolute; left:236px; top:181px; font-size:11px;">ほ</span>
<span style="position:absolute; left:236px; top:191px; font-size:11px;">り</span>
<span style="position:absolute; left:236px; top:200px; font-size:11px;">の</span>
<span style="position:absolute; left:236px; top:210px; font-size:11px;">こ</span>
<span style="position:absolute; left:236px; top:220px; font-size:11px;">の</span>
<span style="position:absolute; left:236px; top:229px; font-size:11px;">け</span>
<span style="position:absolute; left:236px; top:239px; font-size:11px;">し</span>
<span style="position:absolute; left:236px; top:248px; font-size:11px;">き</span>
<span style="position:absolute; left:236px; top:258px; font-size:11px;">で</span>
<span style="position:absolute; left:219px; top:105px; font-size:11px;">そ</span>
<span style="position:absolute; left:219px; top:114px; font-size:11px;">れ</span>
<span style="position:absolute; left:219px; top:124px; font-size:11px;">が</span>
<span style="position:absolute; left:219px; top:133px; font-size:11px;">虚</span>
<span style="position:absolute; left:219px; top:143px; font-size:11px;">無</span>
<span style="position:absolute; left:219px; top:153px; font-size:11px;">な</span>
<span style="position:absolute; left:219px; top:162px; font-size:11px;">ら</span>
<span style="position:absolute; left:219px; top:172px; font-size:11px;">ば</span>
<span style="position:absolute; left:219px; top:181px; font-size:11px;">虚</span>
<span style="position:absolute; left:219px; top:191px; font-size:11px;">無</span>
<span style="position:absolute; left:219px; top:200px; font-size:11px;">自</span>
<span style="position:absolute; left:219px; top:210px; font-size:11px;">身</span>
<span style="position:absolute; left:219px; top:220px; font-size:11px;">が</span>
<span style="position:absolute; left:219px; top:229px; font-size:11px;">こ</span>
<span style="position:absolute; left:219px; top:239px; font-size:11px;">の</span>
<span style="position:absolute; left:219px; top:248px; font-size:11px;">と</span>
<span style="position:absolute; left:219px; top:258px; font-size:11px;">ほ</span>
<span style="position:absolute; left:219px; top:268px; font-size:11px;">り</span>
<span style="position:absolute; left:219px; top:277px; font-size:11px;">で</span>
<span style="position:absolute; left:202px; top:105px; font-size:11px;">あ</span>
<span style="position:absolute; left:202px; top:114px; font-size:11px;">る</span>
<span style="position:absolute; left:202px; top:124px; font-size:11px;">程</span>
<span style="position:absolute; left:202px; top:133px; font-size:11px;">度</span>
<span style="position:absolute; left:202px; top:143px; font-size:11px;">ま</span>
<span style="position:absolute; left:202px; top:153px; font-size:11px;">で</span>
<span style="position:absolute; left:202px; top:162px; font-size:11px;">は</span>
<span style="position:absolute; left:202px; top:172px; font-size:11px;">み</span>
<span style="position:absolute; left:202px; top:181px; font-size:11px;">ん</span>
<span style="position:absolute; left:202px; top:191px; font-size:11px;">な</span>
<span style="position:absolute; left:202px; top:200px; font-size:11px;">に</span>
<span style="position:absolute; left:202px; top:210px; font-size:11px;">共</span>
<span style="position:absolute; left:202px; top:220px; font-size:11px;">通</span>
<span style="position:absolute; left:202px; top:229px; font-size:11px;">い</span>
<span style="position:absolute; left:202px; top:239px; font-size:11px;">た</span>
<span style="position:absolute; left:202px; top:248px; font-size:11px;">し</span>
<span style="position:absolute; left:202px; top:258px; font-size:11px;">ま</span>
<span style="position:absolute; left:202px; top:268px; font-size:11px;">す</span>
<span style="position:absolute; left:185px; top:105px; font-size:11px;">（</span>
<span style="position:absolute; left:185px; top:114px; font-size:11px;">す</span>
<span style="position:absolute; left:185px; top:124px; font-size:11px;">べ</span>
<span style="position:absolute; left:185px; top:133px; font-size:11px;">て</span>
<span style="position:absolute; left:185px; top:143px; font-size:11px;">が</span>
<span style="position:absolute; left:185px; top:153px; font-size:11px;">わ</span>
<span style="position:absolute; left:185px; top:162px; font-size:11px;">た</span>
<span style="position:absolute; left:185px; top:172px; font-size:11px;">く</span>
<span style="position:absolute; left:185px; top:181px; font-size:11px;">し</span>
<span style="position:absolute; left:185px; top:191px; font-size:11px;">の</span>
<span style="position:absolute; left:185px; top:200px; font-size:11px;">中</span>
<span style="position:absolute; left:185px; top:210px; font-size:11px;">の</span>
<span style="position:absolute; left:185px; top:220px; font-size:11px;">み</span>
<span style="position:absolute; left:185px; top:229px; font-size:11px;">ん</span>
<span style="position:absolute; left:185px; top:239px; font-size:11px;">な</span>
<span style="position:absolute; left:185px; top:248px; font-size:11px;">で</span>
<span style="position:absolute; left:185px; top:258px; font-size:11px;">あ</span>
<span style="position:absolute; left:185px; top:268px; font-size:11px;">る</span>
<span style="position:absolute; left:185px; top:277px; font-size:11px;">や</span>
<span style="position:absolute; left:185px; top:287px; font-size:11px;">う</span>
<span style="position:absolute; left:185px; top:296px; font-size:11px;">に</span>
<span style="position:absolute; left:168px; top:105px; font-size:11px;">　</span>
<span style="position:absolute; left:168px; top:114px; font-size:11px;">み</span>
<span style="position:absolute; left:168px; top:124px; font-size:11px;">ん</span>
<span style="position:absolute; left:168px; top:133px; font-size:11px;">な</span>
<span style="position:absolute; left:168px; top:143px; font-size:11px;">の</span>
<span style="position:absolute; left:168px; top:153px; font-size:11px;">お</span>
<span style="position:absolute; left:168px; top:162px; font-size:11px;">の</span>
<span style="position:absolute; left:168px; top:172px; font-size:11px;">お</span>
<span style="position:absolute; left:168px; top:181px; font-size:11px;">の</span>
<span style="position:absolute; left:168px; top:191px; font-size:11px;">の</span>
<span style="position:absolute; left:168px; top:200px; font-size:11px;">な</span>
<span style="position:absolute; left:168px; top:210px; font-size:11px;">か</span>
<span style="position:absolute; left:168px; top:220px; font-size:11px;">の</span>
<span style="position:absolute; left:168px; top:229px; font-size:11px;">す</span>
<span style="position:absolute; left:168px; top:239px; font-size:11px;">べ</span>
<span style="position:absolute; left:168px; top:248px; font-size:11px;">て</span>
<span style="position:absolute; left:168px; top:258px; font-size:11px;">で</span>
<span style="position:absolute; left:168px; top:268px; font-size:11px;">す</span>
<span style="position:absolute; left:168px; top:277px; font-size:11px;">か</span>
<span style="position:absolute; left:168px; top:287px; font-size:11px;">ら</span>
<span style="position:absolute; left:168px; top:296px; font-size:11px;">）</span>
<span style="position:absolute; border: blue 1px solid; left:101px; top:374px; width:536px; height:191px;"></span>
<span style="position:absolute; left:626px; top:374px; font-size:11px;">け</span>
<span style="position:absolute; left:626px; top:384px; font-size:11px;">れ</span>
<span style="position:absolute; left:626px; top:393px; font-size:11px;">ど</span>
<span style="position:absolute; left:626px; top:403px; font-size:11px;">も</span>
<span style="position:absolute; left:626px; top:412px; font-size:11px;">こ</span>
<span style="position:absolute; left:626px; top:422px; font-size:11px;">れ</span>
<span style="position:absolute; left:626px; top:432px; font-size:11px;">ら</span>
<span style="position:absolute; left:626px; top:441px; font-size:11px;">新</span>
<span style="position:absolute; left:626px; top:451px; font-size:11px;">世</span>
<span style="position:absolute; left:626px; top:460px; font-size:11px;">代</span>
<span style="position:absolute; left:626px; top:470px; font-size:11px;">沖</span>
<span style="position:absolute; left:626px; top:480px; font-size:11px;">積</span>
<span style="position:absolute; left:626px; top:489px; font-size:11px;">世</span>
<span style="position:absolute; left:626px; top:499px; font-size:11px;">の</span>
<span style="position:absolute; left:609px; top:374px; font-size:11px;">巨</span>
<span style="position:absolute; left:609px; top:384px; font-size:11px;">大</span>
<span style="position:absolute; left:609px; top:393px; font-size:11px;">に</span>
<span style="position:absolute; left:609px; top:403px; font-size:11px;">明</span>
<span style="position:absolute; left:609px; top:412px; font-size:11px;">る</span>
<span style="position:absolute; left:609px; top:422px; font-size:11px;">い</span>
<span style="position:absolute; left:609px; top:432px; font-size:11px;">時</span>
<span style="position:absolute; left:609px; top:441px; font-size:11px;">間</span>
<span style="position:absolute; left:609px; top:451px; font-size:11px;">の</span>
<span style="position:absolute; left:609px; top:460px; font-size:11px;">集</span>
<span style="position:absolute; left:609px; top:470px; font-size:11px;">積</span>
<span style="position:absolute; left:609px; top:480px; font-size:11px;">の</span>
<span style="position:absolute; left:609px; top:489px; font-size:11px;">な</span>
<span style="position:absolute; left:609px; top:499px; font-size:11px;">か</span>
<span style="position:absolute; left:609px; top:508px; font-size:11px;">で</span>
<span style="position:absolute; left:592px; top:374px; font-size:11px;">正</span>
<span style="position:absolute; left:592px; top:384px; font-size:11px;">し</span>
<span style="position:absolute; left:592px; top:393px; font-size:11px;">く</span>
<span style="position:absolute; left:592px; top:403px; font-size:11px;">う</span>
<span style="position:absolute; left:592px; top:412px; font-size:11px;">つ</span>
<span style="position:absolute; left:592px; top:422px; font-size:11px;">さ</span>
<span style="position:absolute; left:592px; top:432px; font-size:11px;">れ</span>
<span style="position:absolute; left:592px; top:441px; font-size:11px;">た</span>
<span style="position:absolute; left:592px; top:451px; font-size:11px;">筈</span>
<span style="position:absolute; left:592px; top:460px; font-size:11px;">の</span>
<span style="position:absolute; left:592px; top:470px; font-size:11px;">こ</span>
<span style="position:absolute; left:592px; top:480px; font-size:11px;">れ</span>
<span style="position:absolute; left:592px; top:489px; font-size:11px;">ら</span>
<span style="position:absolute; left:592px; top:499px; font-size:11px;">の</span>
<span style="position:absolute; left:592px; top:508px; font-size:11px;">こ</span>
<span style="position:absolute; left:592px; top:518px; font-size:11px;">と</span>
<span style="position:absolute; left:592px; top:527px; font-size:11px;">ば</span>
<span style="position:absolute; left:592px; top:537px; font-size:11px;">が</span>
<span style="position:absolute; left:575px; top:374px; font-size:11px;">わ</span>
<span style="position:absolute; left:575px; top:384px; font-size:11px;">づ</span>
<span style="position:absolute; left:575px; top:393px; font-size:11px;">か</span>
<span style="position:absolute; left:575px; top:403px; font-size:11px;">そ</span>
<span style="position:absolute; left:575px; top:412px; font-size:11px;">の</span>
<span style="position:absolute; left:575px; top:422px; font-size:11px;">一</span>
<span style="position:absolute; left:575px; top:432px; font-size:11px;">點</span>
<span style="position:absolute; left:575px; top:441px; font-size:11px;">に</span>
<span style="position:absolute; left:575px; top:451px; font-size:11px;">も</span>
<span style="position:absolute; left:575px; top:460px; font-size:11px;">均</span>
<span style="position:absolute; left:575px; top:470px; font-size:11px;">し</span>
<span style="position:absolute; left:575px; top:480px; font-size:11px;">い</span>
<span style="position:absolute; left:575px; top:489px; font-size:11px;">明</span>
<span style="position:absolute; left:575px; top:499px; font-size:11px;">暗</span>
<span style="position:absolute; left:575px; top:508px; font-size:11px;">の</span>
<span style="position:absolute; left:575px; top:518px; font-size:11px;">う</span>
<span style="position:absolute; left:575px; top:527px; font-size:11px;">ち</span>
<span style="position:absolute; left:575px; top:537px; font-size:11px;">に</span>
<span style="position:absolute; left:558px; top:374px; font-size:11px;">　</span>
<span style="position:absolute; left:558px; top:384px; font-size:11px;">　</span>
<span style="position:absolute; left:558px; top:393px; font-size:11px;">　</span>
<span style="position:absolute; left:558px; top:403px; font-size:11px;">（</span>
<span style="position:absolute; left:558px; top:412px; font-size:11px;">あ</span>
<span style="position:absolute; left:558px; top:422px; font-size:11px;">る</span>
<span style="position:absolute; left:558px; top:432px; font-size:11px;">ひ</span>
<span style="position:absolute; left:558px; top:441px; font-size:11px;">は</span>
<span style="position:absolute; left:558px; top:451px; font-size:11px;">修</span>
<span style="position:absolute; left:558px; top:460px; font-size:11px;">羅</span>
<span style="position:absolute; left:558px; top:470px; font-size:11px;">の</span>
<span style="position:absolute; left:558px; top:480px; font-size:11px;">十</span>
<span style="position:absolute; left:558px; top:489px; font-size:11px;">億</span>
<span style="position:absolute; left:558px; top:499px; font-size:11px;">年</span>
<span style="position:absolute; left:558px; top:508px; font-size:11px;">）</span>
<span style="position:absolute; left:541px; top:374px; font-size:11px;">す</span>
<span style="position:absolute; left:541px; top:384px; font-size:11px;">で</span>
<span style="position:absolute; left:541px; top:393px; font-size:11px;">に</span>
<span style="position:absolute; left:541px; top:403px; font-size:11px;">は</span>
<span style="position:absolute; left:541px; top:412px; font-size:11px;">や</span>
<span style="position:absolute; left:541px; top:422px; font-size:11px;">く</span>
<span style="position:absolute; left:541px; top:432px; font-size:11px;">も</span>
<span style="position:absolute; left:541px; top:441px; font-size:11px;">そ</span>
<span style="position:absolute; left:541px; top:451px; font-size:11px;">の</span>
<span style="position:absolute; left:541px; top:460px; font-size:11px;">組</span>
<span style="position:absolute; left:541px; top:470px; font-size:11px;">立</span>
<span style="position:absolute; left:541px; top:480px; font-size:11px;">や</span>
<span style="position:absolute; left:541px; top:489px; font-size:11px;">質</span>
<span style="position:absolute; left:541px; top:499px; font-size:11px;">を</span>
<span style="position:absolute; left:541px; top:508px; font-size:11px;">變</span>
<span style="position:absolute; left:541px; top:518px; font-size:11px;">じ</span>
<span style="position:absolute; left:524px; top:374px; font-size:11px;">し</span>
<span style="position:absolute; left:524px; top:384px; font-size:11px;">か</span>
<span style="position:absolute; left:524px; top:393px; font-size:11px;">も</span>
<span style="position:absolute; left:524px; top:403px; font-size:11px;">わ</span>
<span style="position:absolute; left:524px; top:412px; font-size:11px;">た</span>
<span style="position:absolute; left:524px; top:422px; font-size:11px;">く</span>
<span style="position:absolute; left:524px; top:432px; font-size:11px;">し</span>
<span style="position:absolute; left:524px; top:441px; font-size:11px;">も</span>
<span style="position:absolute; left:524px; top:451px; font-size:11px;">印</span>
<span style="position:absolute; left:524px; top:460px; font-size:11px;">刷</span>
<span style="position:absolute; left:524px; top:470px; font-size:11px;">者</span>
<span style="position:absolute; left:524px; top:480px; font-size:11px;">も</span>
<span style="position:absolute; left:508px; top:374px; font-size:11px;">そ</span>
<span style="position:absolute; left:508px; top:384px; font-size:11px;">れ</span>
<span style="position:absolute; left:508px; top:393px; font-size:11px;">を</span>
<span style="position:absolute; left:508px; top:403px; font-size:11px;">変</span>
<span style="position:absolute; left:508px; top:412px; font-size:11px;">ら</span>
<span style="position:absolute; left:508px; top:422px; font-size:11px;">な</span>
<span style="position:absolute; left:508px; top:432px; font-size:11px;">い</span>
<span style="position:absolute; left:508px; top:441px; font-size:11px;">と</span>
<span style="position:absolute; left:508px; top:451px; font-size:11px;">し</span>
<span style="position:absolute; left:508px; top:460px; font-size:11px;">て</span>
<span style="position:absolute; left:508px; top:470px; font-size:11px;">感</span>
<span style="position:absolute; left:508px; top:480px; font-size:11px;">ず</span>
<span style="position:absolute; left:508px; top:489px; font-size:11px;">る</span>
<span style="position:absolute; left:508px; top:499px; font-size:11px;">こ</span>
<span style="position:absolute; left:508px; top:508px; font-size:11px;">と</span>
<span style="position:absolute; left:508px; top:518px; font-size:11px;">は</span>
<span style="position:absolute; left:491px; top:374px; font-size:11px;">傾</span>
<span style="position:absolute; left:491px; top:384px; font-size:11px;">向</span>
<span style="position:absolute; left:491px; top:393px; font-size:11px;">と</span>
<span style="position:absolute; left:491px; top:403px; font-size:11px;">し</span>
<span style="position:absolute; left:491px; top:412px; font-size:11px;">て</span>
<span style="position:absolute; left:491px; top:422px; font-size:11px;">は</span>
<span style="position:absolute; left:491px; top:432px; font-size:11px;">あ</span>
<span style="position:absolute; left:491px; top:441px; font-size:11px;">り</span>
<span style="position:absolute; left:491px; top:451px; font-size:11px;">得</span>
<span style="position:absolute; left:491px; top:460px; font-size:11px;">ま</span>
<span style="position:absolute; left:491px; top:470px; font-size:11px;">す</span>
<span style="position:absolute; left:474px; top:374px; font-size:11px;">け</span>
<span style="position:absolute; left:474px; top:384px; font-size:11px;">だ</span>
<span style="position:absolute; left:474px; top:393px; font-size:11px;">し</span>
<span style="position:absolute; left:474px; top:403px; font-size:11px;">わ</span>
<span style="position:absolute; left:474px; top:412px; font-size:11px;">れ</span>
<span style="position:absolute; left:474px; top:422px; font-size:11px;">わ</span>
<span style="position:absolute; left:474px; top:432px; font-size:11px;">れ</span>
<span style="position:absolute; left:474px; top:441px; font-size:11px;">が</span>
<span style="position:absolute; left:474px; top:451px; font-size:11px;">わ</span>
<span style="position:absolute; left:474px; top:460px; font-size:11px;">れ</span>
<span style="position:absolute; left:474px; top:470px; font-size:11px;">わ</span>
<span style="position:absolute; left:474px; top:480px; font-size:11px;">れ</span>
<span style="position:absolute; left:474px; top:489px; font-size:11px;">の</span>
<span style="position:absolute; left:474px; top:499px; font-size:11px;">感</span>
<span style="position:absolute; left:474px; top:508px; font-size:11px;">官</span>
<span style="position:absolute; left:474px; top:518px; font-size:11px;">や</span>
<span style="position:absolute; left:457px; top:374px; font-size:11px;">風</span>
<span style="position:absolute; left:457px; top:384px; font-size:11px;">景</span>
<span style="position:absolute; left:457px; top:393px; font-size:11px;">や</span>
<span style="position:absolute; left:457px; top:403px; font-size:11px;">人</span>
<span style="position:absolute; left:457px; top:412px; font-size:11px;">物</span>
<span style="position:absolute; left:457px; top:422px; font-size:11px;">を</span>
<span style="position:absolute; left:457px; top:432px; font-size:11px;">か</span>
<span style="position:absolute; left:457px; top:441px; font-size:11px;">ん</span>
<span style="position:absolute; left:457px; top:451px; font-size:11px;">ず</span>
<span style="position:absolute; left:457px; top:460px; font-size:11px;">る</span>
<span style="position:absolute; left:457px; top:470px; font-size:11px;">や</span>
<span style="position:absolute; left:457px; top:480px; font-size:11px;">う</span>
<span style="position:absolute; left:457px; top:489px; font-size:11px;">に</span>
<span style="position:absolute; left:440px; top:374px; font-size:11px;">そ</span>
<span style="position:absolute; left:440px; top:384px; font-size:11px;">し</span>
<span style="position:absolute; left:440px; top:393px; font-size:11px;">て</span>
<span style="position:absolute; left:440px; top:403px; font-size:11px;">た</span>
<span style="position:absolute; left:440px; top:412px; font-size:11px;">ゞ</span>
<span style="position:absolute; left:440px; top:422px; font-size:11px;">共</span>
<span style="position:absolute; left:440px; top:432px; font-size:11px;">通</span>
<span style="position:absolute; left:440px; top:441px; font-size:11px;">に</span>
<span style="position:absolute; left:440px; top:451px; font-size:11px;">感</span>
<span style="position:absolute; left:440px; top:460px; font-size:11px;">ず</span>
<span style="position:absolute; left:440px; top:470px; font-size:11px;">る</span>
<span style="position:absolute; left:440px; top:480px; font-size:11px;">だ</span>
<span style="position:absolute; left:440px; top:489px; font-size:11px;">け</span>
<span style="position:absolute; left:440px; top:499px; font-size:11px;">で</span>
<span style="position:absolute; left:440px; top:508px; font-size:11px;">あ</span>
<span style="position:absolute; left:440px; top:518px; font-size:11px;">る</span>
<span style="position:absolute; left:440px; top:527px; font-size:11px;">や</span>
<span style="position:absolute; left:440px; top:537px; font-size:11px;">う</span>
<span style="position:absolute; left:440px; top:547px; font-size:11px;">に</span>
<span style="position:absolute; left:423px; top:374px; font-size:11px;">記</span>
<span style="position:absolute; left:423px; top:384px; font-size:11px;">録</span>
<span style="position:absolute; left:423px; top:393px; font-size:11px;">や</span>
<span style="position:absolute; left:423px; top:403px; font-size:11px;">歴</span>
<span style="position:absolute; left:423px; top:412px; font-size:11px;">史</span>
<span style="position:absolute; left:423px; top:422px; font-size:11px;">、</span>
<span style="position:absolute; left:423px; top:432px; font-size:11px;">あ</span>
<span style="position:absolute; left:423px; top:441px; font-size:11px;">る</span>
<span style="position:absolute; left:423px; top:451px; font-size:11px;">ひ</span>
<span style="position:absolute; left:423px; top:460px; font-size:11px;">は</span>
<span style="position:absolute; left:423px; top:470px; font-size:11px;">地</span>
<span style="position:absolute; left:423px; top:480px; font-size:11px;">史</span>
<span style="position:absolute; left:423px; top:489px; font-size:11px;">と</span>
<span style="position:absolute; left:423px; top:499px; font-size:11px;">い</span>
<span style="position:absolute; left:423px; top:508px; font-size:11px;">ふ</span>
<span style="position:absolute; left:423px; top:518px; font-size:11px;">も</span>
<span style="position:absolute; left:423px; top:527px; font-size:11px;">の</span>
<span style="position:absolute; left:423px; top:537px; font-size:11px;">も</span>
<span style="position:absolute; left:406px; top:374px; font-size:11px;">そ</span>
<span style="position:absolute; left:406px; top:384px; font-size:11px;">れ</span>
<span style="position:absolute; left:406px; top:393px; font-size:11px;">の</span>
<span style="position:absolute; left:406px; top:403px; font-size:11px;">い</span>
<span style="position:absolute; left:406px; top:412px; font-size:11px;">ろ</span>
<span style="position:absolute; left:406px; top:422px; font-size:11px;">い</span>
<span style="position:absolute; left:406px; top:432px; font-size:11px;">ろ</span>
<span style="position:absolute; left:406px; top:441px; font-size:11px;">の</span>
<span style="position:absolute; left:406px; top:451px; font-size:11px;">論</span>
<span style="position:absolute; left:406px; top:460px; font-size:11px;">料</span>
<span style="position:absolute; left:406px; top:470px; font-size:11px;">と</span>
<span style="position:absolute; left:406px; top:480px; font-size:11px;">い</span>
<span style="position:absolute; left:406px; top:489px; font-size:11px;">っ</span>
<span style="position:absolute; left:406px; top:499px; font-size:11px;">し</span>
<span style="position:absolute; left:406px; top:508px; font-size:11px;">ょ</span>
<span style="position:absolute; left:406px; top:518px; font-size:11px;">に</span>
<span style="position:absolute; left:389px; top:374px; font-size:11px;">（</span>
<span style="position:absolute; left:389px; top:384px; font-size:11px;">因</span>
<span style="position:absolute; left:389px; top:393px; font-size:11px;">果</span>
<span style="position:absolute; left:389px; top:403px; font-size:11px;">の</span>
<span style="position:absolute; left:389px; top:412px; font-size:11px;">時</span>
<span style="position:absolute; left:389px; top:422px; font-size:11px;">空</span>
<span style="position:absolute; left:389px; top:432px; font-size:11px;">的</span>
<span style="position:absolute; left:389px; top:441px; font-size:11px;">制</span>
<span style="position:absolute; left:389px; top:451px; font-size:11px;">約</span>
<span style="position:absolute; left:389px; top:460px; font-size:11px;">の</span>
<span style="position:absolute; left:389px; top:470px; font-size:11px;">も</span>
<span style="position:absolute; left:389px; top:480px; font-size:11px;">と</span>
<span style="position:absolute; left:389px; top:489px; font-size:11px;">に</span>
<span style="position:absolute; left:389px; top:499px; font-size:11px;">）</span>
<span style="position:absolute; left:372px; top:374px; font-size:11px;">わ</span>
<span style="position:absolute; left:372px; top:384px; font-size:11px;">れ</span>
<span style="position:absolute; left:372px; top:393px; font-size:11px;">わ</span>
<span style="position:absolute; left:372px; top:403px; font-size:11px;">れ</span>
<span style="position:absolute; left:372px; top:412px; font-size:11px;">が</span>
<span style="position:absolute; left:372px; top:422px; font-size:11px;">か</span>
<span style="position:absolute; left:372px; top:432px; font-size:11px;">ん</span>
<span style="position:absolute; left:372px; top:441px; font-size:11px;">じ</span>
<span style="position:absolute; left:372px; top:451px; font-size:11px;">て</span>
<span style="position:absolute; left:372px; top:460px; font-size:11px;">ゐ</span>
<span style="position:absolute; left:372px; top:470px; font-size:11px;">る</span>
<span style="position:absolute; left:372px; top:480px; font-size:11px;">の</span>
<span style="position:absolute; left:372px; top:489px; font-size:11px;">に</span>
<span style="position:absolute; left:372px; top:499px; font-size:11px;">過</span>
<span style="position:absolute; left:372px; top:508px; font-size:11px;">ぎ</span>
<span style="position:absolute; left:372px; top:518px; font-size:11px;">ま</span>
<span style="position:absolute; left:372px; top:527px; font-size:11px;">せ</span>
<span style="position:absolute; left:372px; top:537px; font-size:11px;">ん</span>
<span style="position:absolute; left:355px; top:374px; font-size:11px;">お</span>
<span style="position:absolute; left:355px; top:384px; font-size:11px;">そ</span>
<span style="position:absolute; left:355px; top:393px; font-size:11px;">ら</span>
<span style="position:absolute; left:355px; top:403px; font-size:11px;">く</span>
<span style="position:absolute; left:355px; top:412px; font-size:11px;">こ</span>
<span style="position:absolute; left:355px; top:422px; font-size:11px;">れ</span>
<span style="position:absolute; left:355px; top:432px; font-size:11px;">か</span>
<span style="position:absolute; left:355px; top:441px; font-size:11px;">ら</span>
<span style="position:absolute; left:355px; top:451px; font-size:11px;">二</span>
<span style="position:absolute; left:355px; top:460px; font-size:11px;">千</span>
<span style="position:absolute; left:355px; top:470px; font-size:11px;">年</span>
<span style="position:absolute; left:355px; top:480px; font-size:11px;">も</span>
<span style="position:absolute; left:355px; top:489px; font-size:11px;">た</span>
<span style="position:absolute; left:355px; top:499px; font-size:11px;">っ</span>
<span style="position:absolute; left:355px; top:508px; font-size:11px;">た</span>
<span style="position:absolute; left:355px; top:518px; font-size:11px;">こ</span>
<span style="position:absolute; left:355px; top:527px; font-size:11px;">ろ</span>
<span style="position:absolute; left:355px; top:537px; font-size:11px;">は</span>
<span style="position:absolute; left:338px; top:374px; font-size:11px;">そ</span>
<span style="position:absolute; left:338px; top:384px; font-size:11px;">れ</span>
<span style="position:absolute; left:338px; top:393px; font-size:11px;">相</span>
<span style="position:absolute; left:338px; top:403px; font-size:11px;">當</span>
<span style="position:absolute; left:338px; top:412px; font-size:11px;">の</span>
<span style="position:absolute; left:338px; top:422px; font-size:11px;">ち</span>
<span style="position:absolute; left:338px; top:432px; font-size:11px;">が</span>
<span style="position:absolute; left:338px; top:441px; font-size:11px;">っ</span>
<span style="position:absolute; left:338px; top:451px; font-size:11px;">た</span>
<span style="position:absolute; left:338px; top:460px; font-size:11px;">地</span>
<span style="position:absolute; left:338px; top:470px; font-size:11px;">質</span>
<span style="position:absolute; left:338px; top:480px; font-size:11px;">學</span>
<span style="position:absolute; left:338px; top:489px; font-size:11px;">が</span>
<span style="position:absolute; left:338px; top:499px; font-size:11px;">流</span>
<span style="position:absolute; left:338px; top:508px; font-size:11px;">用</span>
<span style="position:absolute; left:338px; top:518px; font-size:11px;">さ</span>
<span style="position:absolute; left:338px; top:527px; font-size:11px;">れ</span>
<span style="position:absolute; left:321px; top:374px; font-size:11px;">相</span>
<span style="position:absolute; left:321px; top:384px; font-size:11px;">當</span>
<span style="position:absolute; left:321px; top:393px; font-size:11px;">し</span>
<span style="position:absolute; left:321px; top:403px; font-size:11px;">た</span>
<span style="position:absolute; left:321px; top:412px; font-size:11px;">證</span>
<span style="position:absolute; left:321px; top:422px; font-size:11px;">據</span>
<span style="position:absolute; left:321px; top:432px; font-size:11px;">も</span>
<span style="position:absolute; left:321px; top:441px; font-size:11px;">ま</span>
<span style="position:absolute; left:321px; top:451px; font-size:11px;">た</span>
<span style="position:absolute; left:321px; top:460px; font-size:11px;">次</span>
<span style="position:absolute; left:321px; top:470px; font-size:11px;">次</span>
<span style="position:absolute; left:321px; top:480px; font-size:11px;">過</span>
<span style="position:absolute; left:321px; top:489px; font-size:11px;">去</span>
<span style="position:absolute; left:321px; top:499px; font-size:11px;">か</span>
<span style="position:absolute; left:321px; top:508px; font-size:11px;">ら</span>
<span style="position:absolute; left:321px; top:518px; font-size:11px;">現</span>
<span style="position:absolute; left:321px; top:527px; font-size:11px;">出</span>
<span style="position:absolute; left:321px; top:537px; font-size:11px;">し</span>
<span style="position:absolute; left:304px; top:374px; font-size:11px;">み</span>
<span style="position:absolute; left:304px; top:384px; font-size:11px;">ん</span>
<span style="position:absolute; left:304px; top:393px; font-size:11px;">な</span>
<span style="position:absolute; left:304px; top:403px; font-size:11px;">は</span>
<span style="position:absolute; left:304px; top:412px; font-size:11px;">二</span>
<span style="position:absolute; left:304px; top:422px; font-size:11px;">千</span>
<span style="position:absolute; left:304px; top:432px; font-size:11px;">年</span>
<span style="position:absolute; left:304px; top:441px; font-size:11px;">ぐ</span>
<span style="position:absolute; left:304px; top:451px; font-size:11px;">ら</span>
<span style="position:absolute; left:304px; top:460px; font-size:11px;">ゐ</span>
<span style="position:absolute; left:304px; top:470px; font-size:11px;">前</span>
<span style="position:absolute; left:304px; top:480px; font-size:11px;">に</span>
<span style="position:absolute; left:304px; top:489px; font-size:11px;">は</span>
<span style="position:absolute; left:287px; top:374px; font-size:11px;">青</span>
<span style="position:absolute; left:287px; top:384px; font-size:11px;">ぞ</span>
<span style="position:absolute; left:287px; top:393px; font-size:11px;">ら</span>
<span style="position:absolute; left:287px; top:403px; font-size:11px;">い</span>
<span style="position:absolute; left:287px; top:412px; font-size:11px;">っ</span>
<span style="position:absolute; left:287px; top:422px; font-size:11px;">ぱ</span>
<span style="position:absolute; left:287px; top:432px; font-size:11px;">い</span>
<span style="position:absolute; left:287px; top:441px; font-size:11px;">の</span>
<span style="position:absolute; left:287px; top:451px; font-size:11px;">無</span>
<span style="position:absolute; left:287px; top:460px; font-size:11px;">色</span>
<span style="position:absolute; left:287px; top:470px; font-size:11px;">な</span>
<span style="position:absolute; left:287px; top:480px; font-size:11px;">孔</span>
<span style="position:absolute; left:287px; top:489px; font-size:11px;">雀</span>
<span style="position:absolute; left:287px; top:499px; font-size:11px;">が</span>
<span style="position:absolute; left:287px; top:508px; font-size:11px;">居</span>
<span style="position:absolute; left:287px; top:518px; font-size:11px;">た</span>
<span style="position:absolute; left:287px; top:527px; font-size:11px;">と</span>
<span style="position:absolute; left:287px; top:537px; font-size:11px;">お</span>
<span style="position:absolute; left:287px; top:547px; font-size:11px;">も</span>
<span style="position:absolute; left:287px; top:556px; font-size:11px;">ひ</span>
<span style="position:absolute; left:270px; top:374px; font-size:11px;">新</span>
<span style="position:absolute; left:270px; top:384px; font-size:11px;">進</span>
<span style="position:absolute; left:270px; top:393px; font-size:11px;">の</span>
<span style="position:absolute; left:270px; top:403px; font-size:11px;">大</span>
<span style="position:absolute; left:270px; top:412px; font-size:11px;">學</span>
<span style="position:absolute; left:270px; top:422px; font-size:11px;">士</span>
<span style="position:absolute; left:270px; top:432px; font-size:11px;">た</span>
<span style="position:absolute; left:270px; top:441px; font-size:11px;">ち</span>
<span style="position:absolute; left:270px; top:451px; font-size:11px;">は</span>
<span style="position:absolute; left:270px; top:460px; font-size:11px;">気</span>
<span style="position:absolute; left:270px; top:470px; font-size:11px;">圏</span>
<span style="position:absolute; left:270px; top:480px; font-size:11px;">の</span>
<span style="position:absolute; left:270px; top:489px; font-size:11px;">い</span>
<span style="position:absolute; left:270px; top:499px; font-size:11px;">ち</span>
<span style="position:absolute; left:270px; top:508px; font-size:11px;">ば</span>
<span style="position:absolute; left:270px; top:518px; font-size:11px;">ん</span>
<span style="position:absolute; left:270px; top:527px; font-size:11px;">の</span>
<span style="position:absolute; left:270px; top:537px; font-size:11px;">上</span>
<span style="position:absolute; left:270px; top:547px; font-size:11px;">層</span>
<span style="position:absolute; left:253px; top:374px; font-size:11px;">き</span>
<span style="position:absolute; left:253px; top:384px; font-size:11px;">ら</span>
<span style="position:absolute; left:253px; top:393px; font-size:11px;">び</span>
<span style="position:absolute; left:253px; top:403px; font-size:11px;">や</span>
<span style="position:absolute; left:253px; top:412px; font-size:11px;">か</span>
<span style="position:absolute; left:253px; top:422px; font-size:11px;">な</span>
<span style="position:absolute; left:253px; top:432px; font-size:11px;">氷</span>
<span style="position:absolute; left:253px; top:441px; font-size:11px;">窒</span>
<span style="position:absolute; left:253px; top:451px; font-size:11px;">素</span>
<span style="position:absolute; left:253px; top:460px; font-size:11px;">の</span>
<span style="position:absolute; left:253px; top:470px; font-size:11px;">あ</span>
<span style="position:absolute; left:253px; top:480px; font-size:11px;">た</span>
<span style="position:absolute; left:253px; top:489px; font-size:11px;">り</span>
<span style="position:absolute; left:253px; top:499px; font-size:11px;">か</span>
<span style="position:absolute; left:253px; top:508px; font-size:11px;">ら</span>
<span style="position:absolute; left:237px; top:374px; font-size:11px;">す</span>
<span style="position:absolute; left:237px; top:384px; font-size:11px;">て</span>
<span style="position:absolute; left:237px; top:393px; font-size:11px;">き</span>
<span style="position:absolute; left:237px; top:403px; font-size:11px;">な</span>
<span style="position:absolute; left:237px; top:412px; font-size:11px;">化</span>
<span style="position:absolute; left:237px; top:422px; font-size:11px;">石</span>
<span style="position:absolute; left:237px; top:432px; font-size:11px;">を</span>
<span style="position:absolute; left:237px; top:441px; font-size:11px;">發</span>
<span style="position:absolute; left:237px; top:451px; font-size:11px;">堀</span>
<span style="position:absolute; left:237px; top:460px; font-size:11px;">し</span>
<span style="position:absolute; left:237px; top:470px; font-size:11px;">た</span>
<span style="position:absolute; left:237px; top:480px; font-size:11px;">り</span>
<span style="position:absolute; left:220px; top:374px; font-size:11px;">あ</span>
<span style="position:absolute; left:220px; top:384px; font-size:11px;">る</span>
<span style="position:absolute; left:220px; top:393px; font-size:11px;">ひ</span>
<span style="position:absolute; left:220px; top:403px; font-size:11px;">は</span>
<span style="position:absolute; left:220px; top:412px; font-size:11px;">白</span>
<span style="position:absolute; left:220px; top:422px; font-size:11px;">堊</span>
<span style="position:absolute; left:220px; top:432px; font-size:11px;">紀</span>
<span style="position:absolute; left:220px; top:441px; font-size:11px;">砂</span>
<span style="position:absolute; left:220px; top:451px; font-size:11px;">岩</span>
<span style="position:absolute; left:220px; top:460px; font-size:11px;">の</span>
<span style="position:absolute; left:220px; top:470px; font-size:11px;">層</span>
<span style="position:absolute; left:220px; top:480px; font-size:11px;">面</span>
<span style="position:absolute; left:220px; top:489px; font-size:11px;">に</span>
<span style="position:absolute; left:203px; top:374px; font-size:11px;">透</span>
<span style="position:absolute; left:203px; top:384px; font-size:11px;">明</span>
<span style="position:absolute; left:203px; top:393px; font-size:11px;">な</span>
<span style="position:absolute; left:203px; top:403px; font-size:11px;">人</span>
<span style="position:absolute; left:203px; top:412px; font-size:11px;">類</span>
<span style="position:absolute; left:203px; top:422px; font-size:11px;">の</span>
<span style="position:absolute; left:203px; top:432px; font-size:11px;">巨</span>
<span style="position:absolute; left:203px; top:441px; font-size:11px;">大</span>
<span style="position:absolute; left:203px; top:451px; font-size:11px;">な</span>
<span style="position:absolute; left:203px; top:460px; font-size:11px;">足</span>
<span style="position:absolute; left:203px; top:470px; font-size:11px;">跡</span>
<span style="position:absolute; left:203px; top:480px; font-size:11px;">を</span>
<span style="position:absolute; left:186px; top:374px; font-size:11px;">発</span>
<span style="position:absolute; left:186px; top:384px; font-size:11px;">見</span>
<span style="position:absolute; left:186px; top:393px; font-size:11px;">す</span>
<span style="position:absolute; left:186px; top:403px; font-size:11px;">る</span>
<span style="position:absolute; left:186px; top:412px; font-size:11px;">か</span>
<span style="position:absolute; left:186px; top:422px; font-size:11px;">も</span>
<span style="position:absolute; left:186px; top:432px; font-size:11px;">し</span>
<span style="position:absolute; left:186px; top:441px; font-size:11px;">れ</span>
<span style="position:absolute; left:186px; top:451px; font-size:11px;">ま</span>
<span style="position:absolute; left:186px; top:460px; font-size:11px;">せ</span>
<span style="position:absolute; left:186px; top:470px; font-size:11px;">ん</span>
<span style="position:absolute; left:169px; top:374px; font-size:11px;">　</span>
<span style="position:absolute; left:169px; top:384px; font-size:11px;">　</span>
<span style="position:absolute; left:152px; top:374px; font-size:11px;">す</span>
<span style="position:absolute; left:152px; top:384px; font-size:11px;">べ</span>
<span style="position:absolute; left:152px; top:393px; font-size:11px;">て</span>
<span style="position:absolute; left:152px; top:403px; font-size:11px;">こ</span>
<span style="position:absolute; left:152px; top:412px; font-size:11px;">れ</span>
<span style="position:absolute; left:152px; top:422px; font-size:11px;">ら</span>
<span style="position:absolute; left:152px; top:432px; font-size:11px;">の</span>
<span style="position:absolute; left:152px; top:441px; font-size:11px;">命</span>
<span style="position:absolute; left:152px; top:451px; font-size:11px;">題</span>
<span style="position:absolute; left:152px; top:460px; font-size:11px;">は</span>
<span style="position:absolute; left:135px; top:374px; font-size:11px;">心</span>
<span style="position:absolute; left:135px; top:384px; font-size:11px;">象</span>
<span style="position:absolute; left:135px; top:393px; font-size:11px;">や</span>
<span style="position:absolute; left:135px; top:403px; font-size:11px;">時</span>
<span style="position:absolute; left:135px; top:412px; font-size:11px;">間</span>
<span style="position:absolute; left:135px; top:422px; font-size:11px;">そ</span>
<span style="position:absolute; left:135px; top:432px; font-size:11px;">れ</span>
<span style="position:absolute; left:135px; top:441px; font-size:11px;">自</span>
<span style="position:absolute; left:135px; top:451px; font-size:11px;">身</span>
<span style="position:absolute; left:135px; top:460px; font-size:11px;">の</span>
<span style="position:absolute; left:135px; top:470px; font-size:11px;">性</span>
<span style="position:absolute; left:135px; top:480px; font-size:11px;">質</span>
<span style="position:absolute; left:135px; top:489px; font-size:11px;">と</span>
<span style="position:absolute; left:135px; top:499px; font-size:11px;">し</span>
<span style="position:absolute; left:135px; top:508px; font-size:11px;">て</span>
<span style="position:absolute; left:118px; top:374px; font-size:11px;">第</span>
<span style="position:absolute; left:118px; top:384px; font-size:11px;">四</span>
<span style="position:absolute; left:118px; top:393px; font-size:11px;">次</span>
<span style="position:absolute; left:118px; top:403px; font-size:11px;">延</span>
<span style="position:absolute; left:118px; top:412px; font-size:11px;">長</span>
<span style="position:absolute; left:118px; top:422px; font-size:11px;">の</span>
<span style="position:absolute; left:118px; top:432px; font-size:11px;">な</span>
<span style="position:absolute; left:118px; top:441px; font-size:11px;">か</span>
<span style="position:absolute; left:118px; top:451px; font-size:11px;">で</span>
<span style="position:absolute; left:118px; top:460px; font-size:11px;">主</span>
<span style="position:absolute; left:118px; top:470px; font-size:11px;">張</span>
<span style="position:absolute; left:118px; top:480px; font-size:11px;">さ</span>
<span style="position:absolute; left:118px; top:489px; font-size:11px;">れ</span>
<span style="position:absolute; left:118px; top:499px; font-size:11px;">ま</span>
<span style="position:absolute; left:118px; top:508px; font-size:11px;">す</span>
<span style="position:absolute; left:101px; top:374px; font-size:11px;">　</span>
<span style="position:absolute; left:101px; top:384px; font-size:11px;">　</span>
<span style="position:absolute; border: blue 1px solid; left:74px; top:471px; width:11px; height:143px;"></span>
<span style="position:absolute; left:74px; top:471px; font-size:11px;">大</span>
<span style="position:absolute; left:74px; top:481px; font-size:11px;">正</span>
<span style="position:absolute; left:74px; top:490px; font-size:11px;">十</span>
<span style="position:absolute; left:74px; top:500px; font-size:11px;">三</span>
<span style="position:absolute; left:74px; top:509px; font-size:11px;">年</span>
<span style="position:absolute; left:74px; top:519px; font-size:11px;">一</span>
<span style="position:absolute; left:74px; top:529px; font-size:11px;">月</span>
<span style="position:absolute; left:74px; top:538px; font-size:11px;">廿</span>
<span style="position:absolute; left:74px; top:548px; font-size:11px;">日</span>
<span style="position:absolute; left:74px; top:557px; font-size:11px;">　</span>
<span style="position:absolute; left:74px; top:567px; font-size:11px;">　</span>
<span style="position:absolute; left:74px; top:576px; font-size:11px;">宮</span>
<span style="position:absolute; left:74px; top:586px; font-size:11px;">澤</span>
<span style="position:absolute; left:74px; top:596px; font-size:11px;">賢</span>
<span style="position:absolute; left:74px; top:605px; font-size:11px;">治</span>
<span style="position:absolute; border: red 1px solid; left:74px; top:105px; width:652px; height:510px;"></span>
<span style="position:absolute; border: red 1px solid; left:168px; top:105px; width:558px; height:279px;"></span>
<span style="position:absolute; border: red 1px solid; left:715px; top:114px; width:11px; height:269px;"></span>
<span style="position:absolute; border: red 1px solid; left:74px; top:374px; width:563px; height:240px;"></span>
<div style="position:absolute; top:0px;">Page: <a href="#1">1</a></div>
</body></html>
