<html><head>
<meta http-equiv="Content-Type" content="text/html; charset=utf-8">
</head><body>
<span style="position:absolute; border: gray 1px solid; left:0px; top:50px; width:800px; height:600px;"></span>
<div style="position:absolute; top:50px;"><a name="1">Page 1</a></div>
<span style="position:absolute; border: blue 1px solid; left:62px; top:126px; width:672px; height:157px;"></span>
<span style="position:absolute; left:62px; top:126px; font-size:85px;">コ</span>
<span style="position:absolute; left:110px; top:126px; font-size:85px;">ン</span>
<span style="position:absolute; left:158px; top:126px; font-size:85px;">パ</span>
<span style="position:absolute; left:206px; top:126px; font-size:85px;">ラ</span>
<span style="position:absolute; left:254px; top:126px; font-size:85px;">ブ</span>
<span style="position:absolute; left:302px; top:126px; font-size:85px;">ル</span>
<span style="position:absolute; left:350px; top:126px; font-size:85px;">な</span>
<span style="position:absolute; left:398px; top:126px; font-size:85px;">新</span>
<span style="position:absolute; left:446px; top:126px; font-size:85px;">聞</span>
<span style="position:absolute; left:494px; top:126px; font-size:85px;">記</span>
<span style="position:absolute; left:542px; top:126px; font-size:85px;">事</span>
<span style="position:absolute; left:590px; top:126px; font-size:85px;">か</span>
<span style="position:absolute; left:638px; top:126px; font-size:85px;">ら</span>
<span style="position:absolute; left:686px; top:126px; font-size:85px;">の</span>
<span style="position:absolute; left:62px; top:198px; font-size:85px;">固</span>
<span style="position:absolute; left:110px; top:198px; font-size:85px;">有</span>
<span style="position:absolute; left:158px; top:198px; font-size:85px;">表</span>
<span style="position:absolute; left:206px; top:198px; font-size:85px;">現</span>
<span style="position:absolute; left:254px; top:198px; font-size:85px;">の</span>
<span style="position:absolute; left:302px; top:198px; font-size:85px;">発</span>
<span style="position:absolute; left:350px; top:198px; font-size:85px;">見</span>
<span style="position:absolute; border: blue 1px solid; left:263px; top:374px; width:468px; height:212px;"></span>
<span style="position:absolute; left:576px; top:374px; font-size:64px;">新</span>
<span style="position:absolute; left:612px; top:374px; font-size:64px;">山</span>
<span style="position:absolute; left:648px; top:374px; font-size:64px;"> </span>
<span style="position:absolute; left:660px; top:374px; font-size:64px;">祐</span>
<span style="position:absolute; left:696px; top:374px; font-size:64px;">介</span>
<span style="position:absolute; left:612px; top:430px; font-size:64px;">関</span>
<span style="position:absolute; left:648px; top:430px; font-size:64px;">根</span>
<span style="position:absolute; left:684px; top:430px; font-size:64px;"> </span>
<span style="position:absolute; left:696px; top:430px; font-size:64px;">聡</span>
<span style="position:absolute; left:263px; top:493px; font-size:50px;">C</span>
<span style="position:absolute; left:285px; top:493px; font-size:50px;">o</span>
<span style="position:absolute; left:304px; top:493px; font-size:50px;">m</span>
<span style="position:absolute; left:332px; top:493px; font-size:50px;">p</span>
<span style="position:absolute; left:352px; top:493px; font-size:50px;">u</span>
<span style="position:absolute; left:371px; top:493px; font-size:50px;">t</span>
<span style="position:absolute; left:383px; top:493px; font-size:50px;">e</span>
<span style="position:absolute; left:401px; top:493px; font-size:50px;">r</span>
<span style="position:absolute; left:415px; top:493px; font-size:50px;"> </span>
<span style="position:absolute; left:424px; top:493px; font-size:50px;">S</span>
<span style="position:absolute; left:444px; top:493px; font-size:50px;">c</span>
<span style="position:absolute; left:462px; top:493px; font-size:50px;">i</span>
<span style="position:absolute; left:469px; top:493px; font-size:50px;">e</span>
<span style="position:absolute; left:487px; top:493px; font-size:50px;">n</span>
<span style="position:absolute; left:506px; top:493px; font-size:50px;">c</span>
<span style="position:absolute; left:523px; top:493px; font-size:50px;">e</span>
<span style="position:absolute; left:541px; top:493px; font-size:50px;"> </span>
<span style="position:absolute; left:550px; top:493px; font-size:50px;">D</span>
<span style="position:absolute; left:573px; top:493px; font-size:50px;">e</span>
<span style="position:absolute; left:591px; top:493px; font-size:50px;">p</span>
<span style="position:absolute; left:611px; top:493px; font-size:50px;">a</span>
<span style="position:absolute; left:628px; top:493px; font-size:50px;">r</span>
<span style="position:absolute; left:642px; top:493px; font-size:50px;">t</span>
<span style="position:absolute; left:654px; top:493px; font-size:50px;">m</span>
<span style="position:absolute; left:683px; top:493px; font-size:50px;">e</span>
<span style="position:absolute; left:701px; top:493px; font-size:50px;">n</span>
<span style="position:absolute; left:719px; top:493px; font-size:50px;">t</span>
<span style="position:absolute; left:424px; top:537px; font-size:50px;">N</span>
<span style="position:absolute; left:447px; top:537px; font-size:50px;">e</span>
<span style="position:absolute; left:464px; top:537px; font-size:50px;">w</span>
<span style="position:absolute; left:488px; top:537px; font-size:50px;"> </span>
<span style="position:absolute; left:498px; top:537px; font-size:50px;">Y</span>
<span style="position:absolute; left:519px; top:537px; font-size:50px;">o</span>
<span style="position:absolute; left:538px; top:537px; font-size:50px;">r</span>
<span style="position:absolute; left:551px; top:537px; font-size:50px;">k</span>
<span style="position:absolute; left:570px; top:537px; font-size:50px;"> </span>
<span style="position:absolute; left:579px; top:537px; font-size:50px;">U</span>
<span style="position:absolute; left:602px; top:537px; font-size:50px;">n</span>
<span style="position:absolute; left:621px; top:537px; font-size:50px;">i</span>
<span style="position:absolute; left:629px; top:537px; font-size:50px;">v</span>
<span style="position:absolute; left:646px; top:537px; font-size:50px;">e</span>
<span style="position:absolute; left:664px; top:537px; font-size:50px;">r</span>
<span style="position:absolute; left:678px; top:537px; font-size:50px;">s</span>
<span style="position:absolute; left:694px; top:537px; font-size:50px;">i</span>
<span style="position:absolute; left:702px; top:537px; font-size:50px;">t</span>
<span style="position:absolute; left:714px; top:537px; font-size:50px;">y</span>
<span style="position:absolute; border: black 1px solid; left:0px; top:50px; width:800px; height:600px;"></span>
<span style="position:absolute; border: black 1px solid; left:50px; top:308px; width:510px; height:0px;"></span>
<span style="position:absolute; border: green 1px solid; left:25px; top:587px; width:41px; height:40px;"></span>
<span style="position:absolute; border: red 1px solid; left:62px; top:126px; width:672px; height:460px;"></span>
<div style="position:absolute; top:0px;">Page: <a href="#1">1</a></div>
</body></html>
