<html><head>
<meta http-equiv="Content-Type" content="text/html; charset=utf-8">
</head><body>
<span style="position:absolute; border: gray 1px solid; left:0px; top:50px; width:612px; height:792px;"></span>
<div style="position:absolute; top:50px;"><a name="1">Page 1</a></div>
<span style="position:absolute; border: blue 1px solid; left:100px; top:119px; width:61px; height:27px;"></span>
<span style="position:absolute; left:100px; top:119px; font-size:27px;">H</span>
<span style="position:absolute; left:117px; top:119px; font-size:27px;">e</span>
<span style="position:absolute; left:130px; top:119px; font-size:27px;">l</span>
<span style="position:absolute; left:136px; top:119px; font-size:27px;">l</span>
<span style="position:absolute; left:141px; top:119px; font-size:27px;">o</span>
<span style="position:absolute; left:154px; top:119px; font-size:27px;"> </span>
<span style="position:absolute; border: blue 1px solid; left:261px; top:119px; width:62px; height:27px;"></span>
<span style="position:absolute; left:261px; top:119px; font-size:27px;">W</span>
<span style="position:absolute; left:283px; top:119px; font-size:27px;">o</span>
<span style="position:absolute; left:297px; top:119px; font-size:27px;">r</span>
<span style="position:absolute; left:305px; top:119px; font-size:27px;">l</span>
<span style="position:absolute; left:310px; top:119px; font-size:27px;">d</span>
<span style="position:absolute; border: blue 1px solid; left:100px; top:219px; width:61px; height:27px;"></span>
<span style="position:absolute; left:100px; top:219px; font-size:27px;">H</span>
<span style="position:absolute; left:117px; top:219px; font-size:27px;">e</span>
<span style="position:absolute; left:130px; top:219px; font-size:27px;">l</span>
<span style="position:absolute; left:136px; top:219px; font-size:27px;">l</span>
<span style="position:absolute; left:141px; top:219px; font-size:27px;">o</span>
<span style="position:absolute; left:154px; top:219px; font-size:27px;"> </span>
<span style="position:absolute; border: blue 1px solid; left:261px; top:219px; width:62px; height:27px;"></span>
<span style="position:absolute; left:261px; top:219px; font-size:27px;">W</span>
<span style="position:absolute; left:284px; top:219px; font-size:27px;">o</span>
<span style="position:absolute; left:297px; top:219px; font-size:27px;">r</span>
<span style="position:absolute; left:305px; top:219px; font-size:27px;">l</span>
<span style="position:absolute; left:310px; top:219px; font-size:27px;">d</span>
<span style="position:absolute; border: blue 1px solid; left:100px; top:319px; width:111px; height:27px;"></span>
<span style="position:absolute; left:100px; top:319px; font-size:27px;">H</span>
<span style="position:absolute; left:127px; top:319px; font-size:27px;">e</span>
<span style="position:absolute; left:150px; top:319px; font-size:27px;">l</span>
<span style="position:absolute; left:166px; top:319px; font-size:27px;">l</span>
<span style="position:absolute; left:181px; top:319px; font-size:27px;">o</span>
<span style="position:absolute; left:204px; top:319px; font-size:27px;"> </span>
<span style="position:absolute; border: blue 1px solid; left:321px; top:319px; width:102px; height:27px;"></span>
<span style="position:absolute; left:321px; top:319px; font-size:27px;">W</span>
<span style="position:absolute; left:354px; top:319px; font-size:27px;">o</span>
<span style="position:absolute; left:377px; top:319px; font-size:27px;">r</span>
<span style="position:absolute; left:395px; top:319px; font-size:27px;">l</span>
<span style="position:absolute; left:410px; top:319px; font-size:27px;">d</span>
<span style="position:absolute; border: blue 1px solid; left:100px; top:419px; width:111px; height:27px;"></span>
<span style="position:absolute; left:100px; top:419px; font-size:27px;">H</span>
<span style="position:absolute; left:127px; top:419px; font-size:27px;">e</span>
<span style="position:absolute; left:150px; top:419px; font-size:27px;">l</span>
<span style="position:absolute; left:165px; top:419px; font-size:27px;">l</span>
<span style="position:absolute; left:181px; top:419px; font-size:27px;">o</span>
<span style="position:absolute; left:204px; top:419px; font-size:27px;"> </span>
<span style="position:absolute; border: blue 1px solid; left:321px; top:419px; width:102px; height:27px;"></span>
<span style="position:absolute; left:321px; top:419px; font-size:27px;">W</span>
<span style="position:absolute; left:353px; top:419px; font-size:27px;">o</span>
<span style="position:absolute; left:377px; top:419px; font-size:27px;">r</span>
<span style="position:absolute; left:395px; top:419px; font-size:27px;">l</span>
<span style="position:absolute; left:410px; top:419px; font-size:27px;">d</span>
<div style="position:absolute; top:0px;">Page: <a href="#1">1</a></div>
</body></html>
