<html><head>
<meta http-equiv="Content-Type" content="text/html; charset=utf-8">
</head><body>
<span style="position:absolute; border: gray 1px solid; left:0px; top:50px; width:612px; height:792px;"></span>
<div style="position:absolute; top:50px;"><a name="1">Page 1</a></div>
<span style="position:absolute; border: blue 1px solid; left:0px; top:72px; width:344px; height:554px;"></span>
<span style="position:absolute; left:0px; top:96px; font-size:55px;">H</span>
<span style="position:absolute; left:34px; top:96px; font-size:55px;">e</span>
<span style="position:absolute; left:61px; top:96px; font-size:55px;">l</span>
<span style="position:absolute; left:72px; top:96px; font-size:55px;">l</span>
<span style="position:absolute; left:82px; top:96px; font-size:55px;">o</span>
<span style="position:absolute; left:109px; top:72px; font-size:55px;">H</span>
<span style="position:absolute; left:144px; top:72px; font-size:55px;">e</span>
<span style="position:absolute; left:170px; top:72px; font-size:55px;">l</span>
<span style="position:absolute; left:181px; top:72px; font-size:55px;">l</span>
<span style="position:absolute; left:192px; top:72px; font-size:55px;">o</span>
<span style="position:absolute; left:194px; top:136px; font-size:48px;">あ</span>
<span style="position:absolute; left:194px; top:184px; font-size:48px;">い</span>
<span style="position:absolute; left:194px; top:232px; font-size:48px;">う</span>
<span style="position:absolute; left:194px; top:280px; font-size:48px;">え</span>
<span style="position:absolute; left:194px; top:328px; font-size:48px;">お</span>
<span style="position:absolute; left:194px; top:352px; font-size:48px;">あ</span>
<span style="position:absolute; left:194px; top:400px; font-size:48px;">い</span>
<span style="position:absolute; left:194px; top:448px; font-size:48px;">う</span>
<span style="position:absolute; left:194px; top:496px; font-size:48px;">え</span>
<span style="position:absolute; left:194px; top:544px; font-size:48px;">お</span>
<span style="position:absolute; left:281px; top:575px; font-size:27px;">W</span>
<span style="position:absolute; left:304px; top:575px; font-size:27px;">o</span>
<span style="position:absolute; left:317px; top:575px; font-size:27px;">r</span>
<span style="position:absolute; left:325px; top:575px; font-size:27px;">l</span>
<span style="position:absolute; left:330px; top:575px; font-size:27px;">d</span>
<span style="position:absolute; left:218px; top:599px; font-size:27px;">W</span>
<span style="position:absolute; left:241px; top:599px; font-size:27px;">o</span>
<span style="position:absolute; left:254px; top:599px; font-size:27px;">r</span>
<span style="position:absolute; left:262px; top:599px; font-size:27px;">l</span>
<span style="position:absolute; left:268px; top:599px; font-size:27px;">d</span>
<div style="position:absolute; top:0px;">Page: <a href="#1">1</a></div>
</body></html>
