<html><head>
<meta http-equiv="Content-Type" content="text/html; charset=utf-8">
</head><body>
<span style="position:absolute; border: gray 1px solid; left:0px; top:50px; width:612px; height:792px;"></span>
<div style="position:absolute; top:50px;"><a name="1">Page 1</a></div>
<div style="position:absolute; border: textbox 1px solid; writing-mode:lr-tb; left:281px; top:575px; width:62px; height:27px;"><span style="font-family: Helvetica; font-size:19px">World
<br></span></div><div style="position:absolute; border: textbox 1px solid; writing-mode:lr-tb; left:241px; top:599px; width:40px; height:27px;"><span style="font-family: Helvetica; font-size:19px">orld
<br></span></div><div style="position:absolute; border: textbox 1px solid; writing-mode:tb-rl; left:194px; top:136px; width:48px; height:490px;"><span style="font-family: unknown; font-size:33px">あいうえおあいうえお </span><span style="font-family: Helvetica; font-size:19px">W
<br></span></div><div style="position:absolute; border: textbox 1px solid; writing-mode:lr-tb; left:0px; top:72px; width:218px; height:79px;"><span style="font-family: Helvetica; font-size:38px">HelloHello
<br></span></div><div style="position:absolute; top:0px;">Page: <a href="#1">1</a></div>
</body></html>
