<html><head>
<meta http-equiv="Content-Type" content="text/html; charset=utf-8">
</head><body>
<span style="position:absolute; border: gray 1px solid; left:0px; top:50px; width:612px; height:792px;"></span>
<div style="position:absolute; top:50px;"><a name="1">Page 1</a></div>
<div style="position:absolute; border: textbox 1px solid; writing-mode:lr-tb; left:100px; top:119px; width:61px; height:27px;"><span style="font-family: Helvetica; font-size:19px">Hello 
<br></span></div><div style="position:absolute; border: textbox 1px solid; writing-mode:lr-tb; left:261px; top:119px; width:62px; height:27px;"><span style="font-family: Helvetica; font-size:19px">World
<br></span></div><div style="position:absolute; border: textbox 1px solid; writing-mode:lr-tb; left:100px; top:219px; width:61px; height:27px;"><span style="font-family: Helvetica; font-size:19px">Hello 
<br></span></div><div style="position:absolute; border: textbox 1px solid; writing-mode:lr-tb; left:261px; top:219px; width:62px; height:27px;"><span style="font-family: Helvetica; font-size:19px">World
<br></span></div><div style="position:absolute; border: textbox 1px solid; writing-mode:lr-tb; left:100px; top:319px; width:111px; height:27px;"><span style="font-family: Helvetica; font-size:19px">H e l l o  
<br></span></div><div style="position:absolute; border: textbox 1px solid; writing-mode:lr-tb; left:321px; top:319px; width:102px; height:27px;"><span style="font-family: Helvetica; font-size:19px">W o r l d
<br></span></div><div style="position:absolute; border: textbox 1px solid; writing-mode:lr-tb; left:100px; top:419px; width:111px; height:27px;"><span style="font-family: Helvetica; font-size:19px">H e l l o  
<br></span></div><div style="position:absolute; border: textbox 1px solid; writing-mode:lr-tb; left:321px; top:419px; width:102px; height:27px;"><span style="font-family: Helvetica; font-size:19px">W o r l d
<br></span></div><div style="position:absolute; top:0px;">Page: <a href="#1">1</a></div>
</body></html>
