<html><head>
<meta http-equiv="Content-Type" content="text/html; charset=utf-8">
</head><body>
<span style="position:absolute; border: gray 1px solid; left:0px; top:50px; width:800px; height:600px;"></span>
<div style="position:absolute; top:50px;"><a name="1">Page 1</a></div>
<div style="position:absolute; border: textbox 1px solid; writing-mode:lr-tb; left:62px; top:126px; width:672px; height:157px;"><span style="font-family: DAFPJF+HiraKakuPro-W6; font-size:60px">コンパラブルな新聞記事からの
<br>固有表現の発見
<br></span></div><div style="position:absolute; border: textbox 1px solid; writing-mode:lr-tb; left:263px; top:374px; width:468px; height:212px;"><span style="font-family: DAFPJF+HiraKakuPro-W6; font-size:45px">新山 祐介
<br>関根 聡
<br></span><span style="font-family: DAFPJF+HiraKakuPro-W6; font-size:35px">Computer Science Department
<br>New York University
<br></span></div><span style="position:absolute; border: black 1px solid; left:0px; top:50px; width:800px; height:600px;"></span>
<span style="position:absolute; border: black 1px solid; left:50px; top:308px; width:510px; height:0px;"></span>
<div style="position:absolute; top:0px;">Page: <a href="#1">1</a></div>
</body></html>
